[Licensing::Module] Trying to connect to existing licensing client channel...
Built from '6000.3/staging' branch; Version is '6000.3.10f1 (e35f0c77bd8e) revision 14901004'; Using compiler version '194234433'; Build Type 'Release'
[Licensing::IpcConnector] Successfully connected to: "LicenseClient-tgond" at "2026-06-06T10:44:58.9113645Z"
OS: 'Windows 11  (10.0.26200) Core' Language: 'en' Physical Memory: 15720 MB
BatchMode: 1, IsHumanControllingUs: 0, StartBugReporterOnCrash: 0, Is64bit: 1
System  architecture: x64
Process architecture: x64
Date: 2026-06-06T10:44:58Z

COMMAND LINE ARGUMENTS:
C:\Program Files\Unity\Hub\Editor\6000.3.10f1\Editor\Unity.exe
-adb2
-batchMode
-noUpm
-name
AssetImportWorker5
-projectPath
D:/Game dev/Projects/Basic Platformer (Kenney) 2D
-logFile
Logs/AssetImportWorker5.log
-srvPort
61692
-licensingIpc
LicenseClient-tgond
-job-worker-count
7
-background-job-worker-count
8
-gc-helper-count
1
-name
AssetImport
Successfully changed project path to: D:/Game dev/Projects/Basic Platformer (Kenney) 2D
D:/Game dev/Projects/Basic Platformer (Kenney) 2D
[UnityMemory] Configuration Parameters - Can be set up in boot.config
    "memorysetup-temp-allocator-size-nav-mesh-worker=65536"
    "memorysetup-temp-allocator-size-audio-worker=65536"
    "memorysetup-temp-allocator-size-gfx=262144"
    "memorysetup-allocator-temp-initial-block-size-main=262144"
    "memorysetup-allocator-temp-initial-block-size-worker=262144"
    "memorysetup-temp-allocator-size-background-worker=32768"
    "memorysetup-temp-allocator-size-job-worker=262144"
    "memorysetup-temp-allocator-size-preload-manager=33554432"
    "memorysetup-temp-allocator-size-gi-baking-worker=262144"
    "memorysetup-temp-allocator-size-gi-baking-worker=262144"
    "memorysetup-temp-allocator-size-gi-baking-worker=262144"
    "memorysetup-temp-allocator-size-gi-baking-worker=262144"
    "memorysetup-temp-allocator-size-gi-baking-worker=262144"
    "memorysetup-bucket-allocator-granularity=16"
    "memorysetup-bucket-allocator-bucket-count=8"
    "memorysetup-bucket-allocator-block-size=33554432"
    "memorysetup-bucket-allocator-block-count=8"
    "memorysetup-main-allocator-block-size=16777216"
    "memorysetup-thread-allocator-block-size=16777216"
    "memorysetup-gfx-main-allocator-block-size=16777216"
    "memorysetup-gfx-thread-allocator-block-size=16777216"
    "memorysetup-cache-allocator-block-size=4194304"
    "memorysetup-typetree-allocator-block-size=2097152"
    "memorysetup-profiler-bucket-allocator-granularity=16"
    "memorysetup-profiler-bucket-allocator-bucket-count=8"
    "memorysetup-profiler-bucket-allocator-block-size=33554432"
    "memorysetup-profiler-bucket-allocator-block-count=8"
    "memorysetup-profiler-allocator-block-size=16777216"
    "memorysetup-profiler-editor-allocator-block-size=1048576"
    "memorysetup-temp-allocator-size-main=16777216"
    "memorysetup-job-temp-allocator-block-size=2097152"
    "memorysetup-job-temp-allocator-block-size-background=1048576"
    "memorysetup-job-temp-allocator-reduction-small-platforms=262144"
    "memorysetup-temp-allocator-size-cloud-worker=32768"
Player connection [12152]  Target information:

Player connection [12152]  * "[IP] 192.168.0.103 [Port] 0 [Flags] 2 [Guid] 3432245527 [EditorId] 3432245527 [Version] 1048832 [Id] WindowsEditor(7,Talal) [Debug] 1 [PackageName] WindowsEditor [ProjectName] Editor" 

Player connection [12152] Host joined multi-casting on [225.0.0.222:54997]...
Player connection [12152] Host joined alternative multi-casting on [225.0.0.222:34997]...
JobSystem: Creating JobQueue using job-worker-count value 7
Input System module state changed to: Initialized.
[Physics::Module] Initialized fallback backend.
[Physics::Module] Id: 0xdecafbad
Library Redirect Path: Library/
[Physics::Module] Selected backend.
[Physics::Module] Name: PhysX
[Physics::Module] Id: 0xf2b8ea05
[Physics::Module] SDK Version: 4.1.2
[Physics::Module] Integration Version: 1.0.0
[Physics::Module] Threading Mode: Multi-Threaded
Refreshing native plugins compatible for Editor in 4.89 ms, found 4 plugins.
Preloading 0 native plugins for Editor in 0.00 ms.
Initialize engine version: 6000.3.10f1 (e35f0c77bd8e)
[Subsystems] Discovering subsystems at path C:/Program Files/Unity/Hub/Editor/6000.3.10f1/Editor/Data/Resources/UnitySubsystems
[Subsystems] Discovering subsystems at path D:/Game dev/Projects/Basic Platformer (Kenney) 2D/Assets
GfxDevice: creating device client; kGfxThreadingModeNonThreaded
Direct3D:
    Version:  Direct3D 11.0 [level 11.1]
    Renderer: NVIDIA GeForce RTX 3050 Ti Laptop GPU (ID=0x25a0)
    Vendor:   NVIDIA
    VRAM:     3962 MB
    Driver:   32.0.15.9608
Initialize mono
Mono path[0] = 'C:/Program Files/Unity/Hub/Editor/6000.3.10f1/Editor/Data/Managed'
Mono path[1] = 'C:/Program Files/Unity/Hub/Editor/6000.3.10f1/Editor/Data/MonoBleedingEdge/lib/mono/unityjit-win32'
Mono config path = 'C:/Program Files/Unity/Hub/Editor/6000.3.10f1/Editor/Data/MonoBleedingEdge/etc'
Using monoOptions --debugger-agent=transport=dt_socket,embedding=1,server=y,suspend=n,address=127.0.0.1:56844
Begin MonoManager ReloadAssembly
Registering precompiled unity dll's ...
Register platform support module: C:/Program Files/Unity/Hub/Editor/6000.3.10f1/Editor/Data/PlaybackEngines/WindowsStandaloneSupport/UnityEditor.WindowsStandalone.Extensions.dll
Registered in 0.006372 seconds.
- Loaded All Assemblies, in  1.230 seconds
Native extension for WindowsStandalone target not found
ScheduleIndexationOnStartup MainProcess:False IndexOnStartup:True
Mono: successfully reloaded assembly
- Finished resetting the current domain, in  1.204 seconds
Domain Reload Profiling: 2427ms
	BeginReloadAssembly (394ms)
		ExecutionOrderSort (0ms)
		DisableScriptedObjects (0ms)
		BackupInstance (0ms)
		ReleaseScriptingObjects (0ms)
		CreateAndSetChildDomain (2ms)
	RebuildCommonClasses (116ms)
	RebuildNativeTypeToScriptingClass (33ms)
	initialDomainReloadingComplete (144ms)
	LoadAllAssembliesAndSetupDomain (535ms)
		LoadAssemblies (385ms)
		RebuildTransferFunctionScriptingTraits (0ms)
		AnalyzeDomain (529ms)
			TypeCache.Refresh (525ms)
				TypeCache.ScanAssembly (482ms)
			BuildScriptInfoCaches (0ms)
			ResolveRequiredComponents (1ms)
	FinalizeReload (1205ms)
		ReleaseScriptCaches (0ms)
		RebuildScriptCaches (0ms)
		SetupLoadedEditorAssemblies (1072ms)
			LogAssemblyErrors (0ms)
			InitializePlatformSupportModulesInManaged (128ms)
			SetLoadedEditorAssemblies (15ms)
			BeforeProcessingInitializeOnLoad (292ms)
			ProcessInitializeOnLoadAttributes (422ms)
			ProcessInitializeOnLoadMethodAttributes (216ms)
			AfterProcessingInitializeOnLoad (0ms)
			EditorAssembliesLoaded (0ms)
		ExecutionOrderSort2 (0ms)
		AwakeInstancesAfterBackupRestoration (0ms)
Assembly reference Packages/com.unity.cinemachine/Editor/Samples/ExposeHDRPInternals/HDRP-Editor-ref.asmref has no target assembly definition
========================================================================
Worker process is ready to serve import requests
Import Worker Mode flag is 0x00
Assembly reference Packages/com.unity.cinemachine/Editor/Samples/ExposeHDRPInternals/HDRP-Editor-ref.asmref has no target assembly definition
Assembly reference Packages/com.unity.cinemachine/Editor/Samples/ExposeHDRPInternals/HDRP-Editor-ref.asmref has no target assembly definition
Begin MonoManager ReloadAssembly
[Licensing::Module] Licensing is not yet initialized.
[Licensing::Client] Handshaking with LicensingClient:
  Version:                 1.17.4+4293ba1
  Session Id:              ede166301777496aa20157503c2d38b3
  Correlation Id:          f97d3ac9ec75fcf77c64d40a112ef26a
  External correlation Id: 3540549535144918536
  Machine Id:              ifs8HJZfsmNNycVd4ReIk1xBE9k=
[Licensing::Module] Successfully connected to LicensingClient on channel: "LicenseClient-tgond" (connect: 0.00s, validation: 0.00s, handshake: 6.19s)
[Licensing::IpcConnector] Successfully connected to: "LicenseClient-tgond-notifications" at "2026-06-06T10:45:05.1056809Z"
[Licensing::Module] Licensing Background thread has ended after 6.19s
[Licensing::Module] Licensing is initialized (took 0.33s).
[Licensing::Client] Successfully resolved entitlement details
[Licensing::Module] License group:
  Id: 18966797524462-UnityPersXXXX
  Product: Unity Personal
  Type: Assigned
  Expiration: Unlimited
- Loaded All Assemblies, in  2.538 seconds
Assembly reference Packages/com.unity.cinemachine/Editor/Samples/ExposeHDRPInternals/HDRP-Editor-ref.asmref has no target assembly definition
'Packages/com.unity.cinemachine/Editor/Obsolete/CinemachineVirtualCameraBaseEditor.cs' contains partial class of Unity.Object, exactly 1 of the partial classes needs to be in a file with the same filename. This is to know the one that can be referenced from ie. GameObjects
'Packages/com.unity.cinemachine/Editor/Editors/CinemachineVirtualCameraBaseEditor.cs' contains partial class of Unity.Object, exactly 1 of the partial classes needs to be in a file with the same filename. This is to know the one that can be referenced from ie. GameObjects
Refreshing native plugins compatible for Editor in 3.03 ms, found 4 plugins.
Native extension for WindowsStandalone target not found
Assembly reference Packages/com.unity.cinemachine/Editor/Samples/ExposeHDRPInternals/HDRP-Editor-ref.asmref has no target assembly definition
Package Manager log level set to [2]
[Package Manager] Failed to launch server process. Reason: Unity was launched with the -noUpm command-line argument
[Package Manager] Unable to send message (not connected to server process).
[Package Manager] Cannot connect to Unity Package Manager local server
[Package Manager] Failed to launch server process. Reason: Unity was launched with the -noUpm command-line argument
[Package Manager] Unable to send message (not connected to server process).
[Package Manager] Cannot connect to Unity Package Manager local server
ScheduleIndexationOnStartup MainProcess:False IndexOnStartup:True
Mono: successfully reloaded assembly
- Finished resetting the current domain, in  3.026 seconds
Domain Reload Profiling: 5555ms
	BeginReloadAssembly (801ms)
		ExecutionOrderSort (0ms)
		DisableScriptedObjects (17ms)
		BackupInstance (0ms)
		ReleaseScriptingObjects (0ms)
		CreateAndSetChildDomain (85ms)
	RebuildCommonClasses (105ms)
	RebuildNativeTypeToScriptingClass (28ms)
	initialDomainReloadingComplete (101ms)
	LoadAllAssembliesAndSetupDomain (1493ms)
		LoadAssemblies (952ms)
		RebuildTransferFunctionScriptingTraits (0ms)
		AnalyzeDomain (777ms)
			TypeCache.Refresh (503ms)
				TypeCache.ScanAssembly (468ms)
			BuildScriptInfoCaches (217ms)
			ResolveRequiredComponents (40ms)
	FinalizeReload (3027ms)
		ReleaseScriptCaches (0ms)
		RebuildScriptCaches (0ms)
		SetupLoadedEditorAssemblies (2650ms)
			LogAssemblyErrors (0ms)
			InitializePlatformSupportModulesInManaged (4ms)
			SetLoadedEditorAssemblies (15ms)
			BeforeProcessingInitializeOnLoad (598ms)
			ProcessInitializeOnLoadAttributes (1656ms)
			ProcessInitializeOnLoadMethodAttributes (355ms)
			AfterProcessingInitializeOnLoad (21ms)
			EditorAssembliesLoaded (1ms)
		ExecutionOrderSort2 (0ms)
		AwakeInstancesAfterBackupRestoration (29ms)
Launched and connected shader compiler UnityShaderCompiler.exe after 0.08 seconds
Refreshing native plugins compatible for Editor in 2.45 ms, found 4 plugins.
Preloading 0 native plugins for Editor in 0.00 ms.
Unloading 17 Unused Serialized files (Serialized files now loaded: 0)
Unloading 7315 unused Assets / (4.7 MB). Loaded Objects now: 8136.
Memory consumption went from 158.6 MB to 153.9 MB.
Total: 20.073000 ms (FindLiveObjects: 1.300200 ms CreateObjectMapping: 1.109700 ms MarkObjects: 13.141400 ms  DeleteObjects: 4.519400 ms)

========================================================================
Received Import Request.
  Time since last request: 2674.979064 seconds.
  path: Assets/UI/healthbar/pulse/horizontal/no-heart-pulse-empty-3.png
  artifactKey: Guid(917e6ef0f192b30449c954f56f3e7a75) Importer(815301076,1909f56bfc062723c751e8b465ee728b)
Start importing Assets/UI/healthbar/pulse/horizontal/no-heart-pulse-empty-3.png using Guid(917e6ef0f192b30449c954f56f3e7a75) Importer(815301076,1909f56bfc062723c751e8b465ee728b) (PreviewImporter) -> (artifact id: '42d55787acfcf3e2d66600bcfcc665f0') in 0.2174123 seconds
Number of updated asset objects reloaded before import = 0Number of asset objects unloaded after import = 3

========================================================================
Received Import Request.
  Time since last request: 0.000047 seconds.
  path: Assets/UI/healthbar/pulse/horizontal/no-heart-pulse-full-3.png
  artifactKey: Guid(c1076d7164fd1f2469e9da649913d419) Importer(815301076,1909f56bfc062723c751e8b465ee728b)
Start importing Assets/UI/healthbar/pulse/horizontal/no-heart-pulse-full-3.png using Guid(c1076d7164fd1f2469e9da649913d419) Importer(815301076,1909f56bfc062723c751e8b465ee728b) (PreviewImporter) -> (artifact id: '9ff3f3240cfbd19620984abf162d9d76') in 0.0184615 seconds
Number of updated asset objects reloaded before import = 0Number of asset objects unloaded after import = 3

========================================================================
Received Import Request.
  Time since last request: 0.000054 seconds.
  path: Assets/UI/healthbar/pulse/horizontal/pulse-1.png
  artifactKey: Guid(698e560cdbcbc1f43b9c2efec165b68e) Importer(815301076,1909f56bfc062723c751e8b465ee728b)
Start importing Assets/UI/healthbar/pulse/horizontal/pulse-1.png using Guid(698e560cdbcbc1f43b9c2efec165b68e) Importer(815301076,1909f56bfc062723c751e8b465ee728b) (PreviewImporter) -> (artifact id: '7533b18a3475c44864d7e1e102088049') in 0.017871 seconds
Number of updated asset objects reloaded before import = 0Number of asset objects unloaded after import = 3

========================================================================
Received Import Request.
  Time since last request: 0.262837 seconds.
  path: Assets/UI/healthbar/pulse/horizontal/no-heart-pulse-full-2.png
  artifactKey: Guid(eb07f769d99d35747b3ab923bfeb61af) Importer(2089858483,b0f066a214c2f5e87bad3c948f4d605d)
Start importing Assets/UI/healthbar/pulse/horizontal/no-heart-pulse-full-2.png using Guid(eb07f769d99d35747b3ab923bfeb61af) Importer(2089858483,b0f066a214c2f5e87bad3c948f4d605d) (ScriptedImporter) -> (artifact id: 'c67972d7499a660e4b574f1f6bee8432') in 0.4011508 seconds
Number of updated asset objects reloaded before import = 0Number of asset objects unloaded after import = 3

========================================================================
Received Import Request.
  Time since last request: 0.000035 seconds.
  path: Assets/UI/healthbar/pulse/horizontal/no-heart-pulse-empty-2.png
  artifactKey: Guid(85360961bee53be4795fee0f8d5115a0) Importer(2089858483,b0f066a214c2f5e87bad3c948f4d605d)
Start importing Assets/UI/healthbar/pulse/horizontal/no-heart-pulse-empty-2.png using Guid(85360961bee53be4795fee0f8d5115a0) Importer(2089858483,b0f066a214c2f5e87bad3c948f4d605d) (ScriptedImporter) -> (artifact id: 'd48b1145c060782e9d91d526c63fb9ed') in 0.0362022 seconds
Number of updated asset objects reloaded before import = 0Number of asset objects unloaded after import = 3

========================================================================
Received Import Request.
  Time since last request: 0.000057 seconds.
  path: Assets/UI/healthbar/pulse/horizontal/pulse-empty-3.png
  artifactKey: Guid(25c17a46949582d4d98b0c8f10786db7) Importer(2089858483,b0f066a214c2f5e87bad3c948f4d605d)
Start importing Assets/UI/healthbar/pulse/horizontal/pulse-empty-3.png using Guid(25c17a46949582d4d98b0c8f10786db7) Importer(2089858483,b0f066a214c2f5e87bad3c948f4d605d) (ScriptedImporter) -> (artifact id: '3b752d1f328562f35364ca4b0d6cfa54') in 0.0387477 seconds
Number of updated asset objects reloaded before import = 0Number of asset objects unloaded after import = 3

========================================================================
Received Import Request.
  Time since last request: 0.000025 seconds.
  path: Assets/UI/healthbar/pulse/horizontal/no-heart-pulse-full-3.png
  artifactKey: Guid(c1076d7164fd1f2469e9da649913d419) Importer(2089858483,b0f066a214c2f5e87bad3c948f4d605d)
Start importing Assets/UI/healthbar/pulse/horizontal/no-heart-pulse-full-3.png using Guid(c1076d7164fd1f2469e9da649913d419) Importer(2089858483,b0f066a214c2f5e87bad3c948f4d605d) (ScriptedImporter) -> (artifact id: 'f101943f1240c4827b03dd1cf3423732') in 0.0327932 seconds
Number of updated asset objects reloaded before import = 0Number of asset objects unloaded after import = 3

========================================================================
Received Import Request.
  Time since last request: 169.505873 seconds.
  path: Assets/UI/healthbar/standard/vertical/no-heart-standard-vertical-empty-2.png
  artifactKey: Guid(2400c73c172e31843b82292301b487f9) Importer(815301076,1909f56bfc062723c751e8b465ee728b)
Start importing Assets/UI/healthbar/standard/vertical/no-heart-standard-vertical-empty-2.png using Guid(2400c73c172e31843b82292301b487f9) Importer(815301076,1909f56bfc062723c751e8b465ee728b) (PreviewImporter) -> (artifact id: '87f75cdffe07a586f81c8ea9eff0a11e') in 0.0144892 seconds
Number of updated asset objects reloaded before import = 0Number of asset objects unloaded after import = 3

========================================================================
Received Import Request.
  Time since last request: 0.000044 seconds.
  path: Assets/UI/healthbar/standard/vertical/no-heart-standard-vertical-full-2.png
  artifactKey: Guid(5881ea2a8ccb41848a0b9f2647275da5) Importer(815301076,1909f56bfc062723c751e8b465ee728b)
Start importing Assets/UI/healthbar/standard/vertical/no-heart-standard-vertical-full-2.png using Guid(5881ea2a8ccb41848a0b9f2647275da5) Importer(815301076,1909f56bfc062723c751e8b465ee728b) (PreviewImporter) -> (artifact id: '8fdc8b186b04b2eb0766b31da1c9adc0') in 0.0160058 seconds
Number of updated asset objects reloaded before import = 0Number of asset objects unloaded after import = 3

========================================================================
Received Import Request.
  Time since last request: 0.000055 seconds.
  path: Assets/UI/healthbar/standard/vertical/standard-vertical-1.png
  artifactKey: Guid(599c3cf74e574c841bd4eb30b02893e9) Importer(815301076,1909f56bfc062723c751e8b465ee728b)
Start importing Assets/UI/healthbar/standard/vertical/standard-vertical-1.png using Guid(599c3cf74e574c841bd4eb30b02893e9) Importer(815301076,1909f56bfc062723c751e8b465ee728b) (PreviewImporter) -> (artifact id: 'ee9d7cb749f2aaf2bc48a1865d85ef60') in 0.0158478 seconds
Number of updated asset objects reloaded before import = 0Number of asset objects unloaded after import = 3

========================================================================
Received Import Request.
  Time since last request: 0.000057 seconds.
  path: Assets/UI/healthbar/standard/vertical/standard-full-1.png
  artifactKey: Guid(d6464053d54b0e042a27dea46cb705dc) Importer(815301076,1909f56bfc062723c751e8b465ee728b)
Start importing Assets/UI/healthbar/standard/vertical/standard-full-1.png using Guid(d6464053d54b0e042a27dea46cb705dc) Importer(815301076,1909f56bfc062723c751e8b465ee728b) (PreviewImporter) -> (artifact id: 'bf19d22d9f6bf1cf80938fbebbb6fc0d') in 0.0212965 seconds
Number of updated asset objects reloaded before import = 0Number of asset objects unloaded after import = 3

========================================================================
Received Import Request.
  Time since last request: 0.000030 seconds.
  path: Assets/UI/healthbar/standard/vertical/standard-vertical-2.png
  artifactKey: Guid(e970e5719174d5b439aea77632a940d9) Importer(815301076,1909f56bfc062723c751e8b465ee728b)
Start importing Assets/UI/healthbar/standard/vertical/standard-vertical-2.png using Guid(e970e5719174d5b439aea77632a940d9) Importer(815301076,1909f56bfc062723c751e8b465ee728b) (PreviewImporter) -> (artifact id: '08ceafe35075aa8a43f3cd7e2d5960ac') in 0.0192 seconds
Number of updated asset objects reloaded before import = 0Number of asset objects unloaded after import = 3

========================================================================
Received Import Request.
  Time since last request: 0.000044 seconds.
  path: Assets/UI/healthbar/standard/vertical/standard-vertical-3.png
  artifactKey: Guid(5919a2e10769226498f5960800cdbfe2) Importer(815301076,1909f56bfc062723c751e8b465ee728b)
Start importing Assets/UI/healthbar/standard/vertical/standard-vertical-3.png using Guid(5919a2e10769226498f5960800cdbfe2) Importer(815301076,1909f56bfc062723c751e8b465ee728b) (PreviewImporter) -> (artifact id: '0c52f7cb9843373feb75ca85bb1bf0a1') in 0.022191 seconds
Number of updated asset objects reloaded before import = 0Number of asset objects unloaded after import = 3

========================================================================
Received Import Request.
  Time since last request: 0.000056 seconds.
  path: Assets/UI/healthbar/standard/vertical/no-heart-standard-vertical-empty-3.png
  artifactKey: Guid(6b82aec2107972841b9b396c307c730c) Importer(815301076,1909f56bfc062723c751e8b465ee728b)
Start importing Assets/UI/healthbar/standard/vertical/no-heart-standard-vertical-empty-3.png using Guid(6b82aec2107972841b9b396c307c730c) Importer(815301076,1909f56bfc062723c751e8b465ee728b) (PreviewImporter) -> (artifact id: '4e0ce1568ed99d05d85b4f017cf34ccd') in 0.0158031 seconds
Number of updated asset objects reloaded before import = 0Number of asset objects unloaded after import = 3

========================================================================
Received Import Request.
  Time since last request: 0.000031 seconds.
  path: Assets/UI/healthbar/standard/vertical/standard-empty-1.png
  artifactKey: Guid(5949bff28e11efd45940b3abb9748e54) Importer(815301076,1909f56bfc062723c751e8b465ee728b)
Start importing Assets/UI/healthbar/standard/vertical/standard-empty-1.png using Guid(5949bff28e11efd45940b3abb9748e54) Importer(815301076,1909f56bfc062723c751e8b465ee728b) (PreviewImporter) -> (artifact id: '13f5e7a8fceb77246695dc2a206f632b') in 0.0218966 seconds
Number of updated asset objects reloaded before import = 0Number of asset objects unloaded after import = 3

========================================================================
Received Import Request.
  Time since last request: 3.162554 seconds.
  path: Assets/UI/healthbar/standard/horizontal/no-heart-standard-empty-2.png
  artifactKey: Guid(40fae1d569e79944f849b2da415acd5c) Importer(815301076,1909f56bfc062723c751e8b465ee728b)
Start importing Assets/UI/healthbar/standard/horizontal/no-heart-standard-empty-2.png using Guid(40fae1d569e79944f849b2da415acd5c) Importer(815301076,1909f56bfc062723c751e8b465ee728b) (PreviewImporter) -> (artifact id: 'a2034cf8b103234caa4de12a8d7e963d') in 0.0173751 seconds
Number of updated asset objects reloaded before import = 0Number of asset objects unloaded after import = 3

========================================================================
Received Import Request.
  Time since last request: 0.000037 seconds.
  path: Assets/UI/healthbar/standard/horizontal/standard-empty-2.png
  artifactKey: Guid(c9dbba13970a76d42bc4bdde141e6332) Importer(815301076,1909f56bfc062723c751e8b465ee728b)
Start importing Assets/UI/healthbar/standard/horizontal/standard-empty-2.png using Guid(c9dbba13970a76d42bc4bdde141e6332) Importer(815301076,1909f56bfc062723c751e8b465ee728b) (PreviewImporter) -> (artifact id: '419bc9ddb888ec2323577f7a4fc5ff1c') in 0.0163054 seconds
Number of updated asset objects reloaded before import = 0Number of asset objects unloaded after import = 3

========================================================================
Received Import Request.
  Time since last request: 0.000058 seconds.
  path: Assets/UI/healthbar/standard/horizontal/standard-1.png
  artifactKey: Guid(c20af031e7692214cb31531136a34110) Importer(815301076,1909f56bfc062723c751e8b465ee728b)
Start importing Assets/UI/healthbar/standard/horizontal/standard-1.png using Guid(c20af031e7692214cb31531136a34110) Importer(815301076,1909f56bfc062723c751e8b465ee728b) (PreviewImporter) -> (artifact id: 'a85969ffabca67dceedf6ab5a9aca956') in 0.0165601 seconds
Number of updated asset objects reloaded before import = 0Number of asset objects unloaded after import = 3

========================================================================
Received Import Request.
  Time since last request: 0.000054 seconds.
  path: Assets/UI/healthbar/standard/horizontal/no-heart-standard-full-2.png
  artifactKey: Guid(8994da06a9487e24bbd70a8b08ff4453) Importer(815301076,1909f56bfc062723c751e8b465ee728b)
Start importing Assets/UI/healthbar/standard/horizontal/no-heart-standard-full-2.png using Guid(8994da06a9487e24bbd70a8b08ff4453) Importer(815301076,1909f56bfc062723c751e8b465ee728b) (PreviewImporter) -> (artifact id: 'e6daf7a24dd110457feaa0fd599c2e23') in 0.01771 seconds
Number of updated asset objects reloaded before import = 0Number of asset objects unloaded after import = 3

========================================================================
Received Import Request.
  Time since last request: 0.000038 seconds.
  path: Assets/UI/healthbar/standard/horizontal/standard-full-2.png
  artifactKey: Guid(278c5675ebbfa7b44be36a57a3e04d64) Importer(815301076,1909f56bfc062723c751e8b465ee728b)
Start importing Assets/UI/healthbar/standard/horizontal/standard-full-2.png using Guid(278c5675ebbfa7b44be36a57a3e04d64) Importer(815301076,1909f56bfc062723c751e8b465ee728b) (PreviewImporter) -> (artifact id: '69dda03228c917ae6a63694c12e14a08') in 0.0155134 seconds
Number of updated asset objects reloaded before import = 0Number of asset objects unloaded after import = 3

========================================================================
Received Import Request.
  Time since last request: 0.000042 seconds.
  path: Assets/UI/healthbar/standard/horizontal/standard-full-3.png
  artifactKey: Guid(7d363998def8fd849a9b5b3f4afefae4) Importer(815301076,1909f56bfc062723c751e8b465ee728b)
Start importing Assets/UI/healthbar/standard/horizontal/standard-full-3.png using Guid(7d363998def8fd849a9b5b3f4afefae4) Importer(815301076,1909f56bfc062723c751e8b465ee728b) (PreviewImporter) -> (artifact id: '24cb02d26cc8e4a5a43ae152062e65ee') in 0.0139306 seconds
Number of updated asset objects reloaded before import = 0Number of asset objects unloaded after import = 3

========================================================================
Received Import Request.
  Time since last request: 0.000041 seconds.
  path: Assets/UI/healthbar/standard/horizontal/no-heart-standard-full-1.png
  artifactKey: Guid(55c3d35fdb765d048abf94685e92ffbc) Importer(815301076,1909f56bfc062723c751e8b465ee728b)
Start importing Assets/UI/healthbar/standard/horizontal/no-heart-standard-full-1.png using Guid(55c3d35fdb765d048abf94685e92ffbc) Importer(815301076,1909f56bfc062723c751e8b465ee728b) (PreviewImporter) -> (artifact id: '02c8c4b4e4b1bb7e3f1b5e13f2d866bc') in 0.0164259 seconds
Number of updated asset objects reloaded before import = 0Number of asset objects unloaded after import = 3

========================================================================
Received Import Request.
  Time since last request: 54.553434 seconds.
  path: Assets/UI/healthbar/standard/horizontal/no-heart-standard-empty-2.png
  artifactKey: Guid(40fae1d569e79944f849b2da415acd5c) Importer(815301076,1909f56bfc062723c751e8b465ee728b)
Start importing Assets/UI/healthbar/standard/horizontal/no-heart-standard-empty-2.png using Guid(40fae1d569e79944f849b2da415acd5c) Importer(815301076,1909f56bfc062723c751e8b465ee728b) (PreviewImporter) -> (artifact id: '215c3d99533f5a8f0d76d347b4ac5f9c') in 0.0178113 seconds
Number of updated asset objects reloaded before import = 0Number of asset objects unloaded after import = 3

========================================================================
Received Import Request.
  Time since last request: 0.000038 seconds.
  path: Assets/UI/healthbar/standard/horizontal/standard-1.png
  artifactKey: Guid(c20af031e7692214cb31531136a34110) Importer(815301076,1909f56bfc062723c751e8b465ee728b)
Start importing Assets/UI/healthbar/standard/horizontal/standard-1.png using Guid(c20af031e7692214cb31531136a34110) Importer(815301076,1909f56bfc062723c751e8b465ee728b) (PreviewImporter) -> (artifact id: '7d165dc5b6b31c55032c527705873827') in 0.0182746 seconds
Number of updated asset objects reloaded before import = 0Number of asset objects unloaded after import = 3

========================================================================
Received Import Request.
  Time since last request: 0.000044 seconds.
  path: Assets/UI/healthbar/standard/horizontal/standard-empty-3.png
  artifactKey: Guid(6fe38ae3a91380941a0baf14dae656c8) Importer(815301076,1909f56bfc062723c751e8b465ee728b)
Start importing Assets/UI/healthbar/standard/horizontal/standard-empty-3.png using Guid(6fe38ae3a91380941a0baf14dae656c8) Importer(815301076,1909f56bfc062723c751e8b465ee728b) (PreviewImporter) -> (artifact id: 'bfb5357f69d47c16302977d57ea6084d') in 0.0147645 seconds
Number of updated asset objects reloaded before import = 0Number of asset objects unloaded after import = 3

========================================================================
Received Import Request.
  Time since last request: 0.000080 seconds.
  path: Assets/UI/healthbar/standard/horizontal/standard-2.png
  artifactKey: Guid(f6b8aca9e303cb741a921812917ee8dc) Importer(815301076,1909f56bfc062723c751e8b465ee728b)
Start importing Assets/UI/healthbar/standard/horizontal/standard-2.png using Guid(f6b8aca9e303cb741a921812917ee8dc) Importer(815301076,1909f56bfc062723c751e8b465ee728b) (PreviewImporter) -> (artifact id: 'f77793b27cc644fa7ec91fd55b484d17') in 0.0278704 seconds
Number of updated asset objects reloaded before import = 0Number of asset objects unloaded after import = 3

========================================================================
Received Import Request.
  Time since last request: 0.346377 seconds.
  path: Assets/UI/healthbar/standard/horizontal/no-heart-standard-empty-3.png
  artifactKey: Guid(07e7c0cd883d81c43b95fe8afde221c4) Importer(2089858483,b0f066a214c2f5e87bad3c948f4d605d)
Start importing Assets/UI/healthbar/standard/horizontal/no-heart-standard-empty-3.png using Guid(07e7c0cd883d81c43b95fe8afde221c4) Importer(2089858483,b0f066a214c2f5e87bad3c948f4d605d) (ScriptedImporter) -> (artifact id: 'c50a1f8ac90944eccf51e62902014a7c') in 0.0592603 seconds
Number of updated asset objects reloaded before import = 0Number of asset objects unloaded after import = 3

========================================================================
Received Import Request.
  Time since last request: 0.000033 seconds.
  path: Assets/UI/healthbar/standard/horizontal/no-heart-standard-full-2.png
  artifactKey: Guid(8994da06a9487e24bbd70a8b08ff4453) Importer(2089858483,b0f066a214c2f5e87bad3c948f4d605d)
Start importing Assets/UI/healthbar/standard/horizontal/no-heart-standard-full-2.png using Guid(8994da06a9487e24bbd70a8b08ff4453) Importer(2089858483,b0f066a214c2f5e87bad3c948f4d605d) (ScriptedImporter) -> (artifact id: '073a670d6022370752078f651d9eebdf') in 0.0464193 seconds
Number of updated asset objects reloaded before import = 0Number of asset objects unloaded after import = 3

========================================================================
Received Import Request.
  Time since last request: 0.000070 seconds.
  path: Assets/UI/healthbar/standard/horizontal/standard-1.png
  artifactKey: Guid(c20af031e7692214cb31531136a34110) Importer(2089858483,b0f066a214c2f5e87bad3c948f4d605d)
Start importing Assets/UI/healthbar/standard/horizontal/standard-1.png using Guid(c20af031e7692214cb31531136a34110) Importer(2089858483,b0f066a214c2f5e87bad3c948f4d605d) (ScriptedImporter) -> (artifact id: '1a7d2a12bd746889c7037398baf29303') in 0.0363716 seconds
Number of updated asset objects reloaded before import = 0Number of asset objects unloaded after import = 3

========================================================================
Received Import Request.
  Time since last request: 0.000030 seconds.
  path: Assets/UI/healthbar/standard/horizontal/standard-empty-1.png
  artifactKey: Guid(0739c3c7d9c61a943bb21c50d5e0b78d) Importer(2089858483,b0f066a214c2f5e87bad3c948f4d605d)
Start importing Assets/UI/healthbar/standard/horizontal/standard-empty-1.png using Guid(0739c3c7d9c61a943bb21c50d5e0b78d) Importer(2089858483,b0f066a214c2f5e87bad3c948f4d605d) (ScriptedImporter) -> (artifact id: 'e05caa6b3624af617be01d6856a48ef8') in 0.0368957 seconds
Number of updated asset objects reloaded before import = 0Number of asset objects unloaded after import = 3

========================================================================
Received Import Request.
  Time since last request: 0.000030 seconds.
  path: Assets/UI/healthbar/standard/horizontal/standard-empty-2.png
  artifactKey: Guid(c9dbba13970a76d42bc4bdde141e6332) Importer(2089858483,b0f066a214c2f5e87bad3c948f4d605d)
Start importing Assets/UI/healthbar/standard/horizontal/standard-empty-2.png using Guid(c9dbba13970a76d42bc4bdde141e6332) Importer(2089858483,b0f066a214c2f5e87bad3c948f4d605d) (ScriptedImporter) -> (artifact id: '98547b90a872875b6f136de4234cfb94') in 0.0469364 seconds
Number of updated asset objects reloaded before import = 0Number of asset objects unloaded after import = 3

Editor requested this worker to shutdown with reason: Scaling down because of idle timeout
AssetImportWorker is now disconnected from the server
Process exiting
Exiting without the bug reporter. Application will terminate with return code 0