[Licensing::Module] Trying to connect to existing licensing client channel...
Built from '6000.3/staging' branch; Version is '6000.3.10f1 (e35f0c77bd8e) revision 14901004'; Using compiler version '194234433'; Build Type 'Release'
[Licensing::IpcConnector] Successfully connected to: "LicenseClient-tgond" at "2026-06-06T10:09:37.9458075Z"
OS: 'Windows 11  (10.0.26200) Core' Language: 'en' Physical Memory: 15720 MB
BatchMode: 1, IsHumanControllingUs: 0, StartBugReporterOnCrash: 0, Is64bit: 1
System  architecture: x64
Process architecture: x64
Date: 2026-06-06T10:09:37Z

COMMAND LINE ARGUMENTS:
C:\Program Files\Unity\Hub\Editor\6000.3.10f1\Editor\Unity.exe
-adb2
-batchMode
-noUpm
-name
AssetImportWorker1
-projectPath
D:/Game dev/Projects/Basic Platformer (Kenney) 2D
-logFile
Logs/AssetImportWorker1.log
-srvPort
61692
-licensingIpc
LicenseClient-tgond
-job-worker-count
7
-background-job-worker-count
8
-gc-helper-count
1
-name
AssetImport
Successfully changed project path to: D:/Game dev/Projects/Basic Platformer (Kenney) 2D
D:/Game dev/Projects/Basic Platformer (Kenney) 2D
[UnityMemory] Configuration Parameters - Can be set up in boot.config
    "memorysetup-temp-allocator-size-nav-mesh-worker=65536"
    "memorysetup-temp-allocator-size-audio-worker=65536"
    "memorysetup-temp-allocator-size-gfx=262144"
    "memorysetup-allocator-temp-initial-block-size-main=262144"
    "memorysetup-allocator-temp-initial-block-size-worker=262144"
    "memorysetup-temp-allocator-size-background-worker=32768"
    "memorysetup-temp-allocator-size-job-worker=262144"
    "memorysetup-temp-allocator-size-preload-manager=33554432"
    "memorysetup-temp-allocator-size-gi-baking-worker=262144"
    "memorysetup-temp-allocator-size-gi-baking-worker=262144"
    "memorysetup-temp-allocator-size-gi-baking-worker=262144"
    "memorysetup-temp-allocator-size-gi-baking-worker=262144"
    "memorysetup-temp-allocator-size-gi-baking-worker=262144"
    "memorysetup-bucket-allocator-granularity=16"
    "memorysetup-bucket-allocator-bucket-count=8"
    "memorysetup-bucket-allocator-block-size=33554432"
    "memorysetup-bucket-allocator-block-count=8"
    "memorysetup-main-allocator-block-size=16777216"
    "memorysetup-thread-allocator-block-size=16777216"
    "memorysetup-gfx-main-allocator-block-size=16777216"
    "memorysetup-gfx-thread-allocator-block-size=16777216"
    "memorysetup-cache-allocator-block-size=4194304"
    "memorysetup-typetree-allocator-block-size=2097152"
    "memorysetup-profiler-bucket-allocator-granularity=16"
    "memorysetup-profiler-bucket-allocator-bucket-count=8"
    "memorysetup-profiler-bucket-allocator-block-size=33554432"
    "memorysetup-profiler-bucket-allocator-block-count=8"
    "memorysetup-profiler-allocator-block-size=16777216"
    "memorysetup-profiler-editor-allocator-block-size=1048576"
    "memorysetup-temp-allocator-size-main=16777216"
    "memorysetup-job-temp-allocator-block-size=2097152"
    "memorysetup-job-temp-allocator-block-size-background=1048576"
    "memorysetup-job-temp-allocator-reduction-small-platforms=262144"
    "memorysetup-temp-allocator-size-cloud-worker=32768"
Player connection [7400]  Target information:

Player connection [7400]  * "[IP] 192.168.18.128 [Port] 0 [Flags] 2 [Guid] 1913516774 [EditorId] 1913516774 [Version] 1048832 [Id] WindowsEditor(7,Talal) [Debug] 1 [PackageName] WindowsEditor [ProjectName] Editor" 

Player connection [7400] Host joined multi-casting on [225.0.0.222:54997]...
Player connection [7400] Host joined alternative multi-casting on [225.0.0.222:34997]...
JobSystem: Creating JobQueue using job-worker-count value 7
Input System module state changed to: Initialized.
[Physics::Module] Initialized fallback backend.
[Physics::Module] Id: 0xdecafbad
Library Redirect Path: Library/
[Physics::Module] Selected backend.
[Physics::Module] Name: PhysX
[Physics::Module] Id: 0xf2b8ea05
[Physics::Module] SDK Version: 4.1.2
[Physics::Module] Integration Version: 1.0.0
[Physics::Module] Threading Mode: Multi-Threaded
Refreshing native plugins compatible for Editor in 3.66 ms, found 4 plugins.
Preloading 0 native plugins for Editor in 0.00 ms.
Initialize engine version: 6000.3.10f1 (e35f0c77bd8e)
[Subsystems] Discovering subsystems at path C:/Program Files/Unity/Hub/Editor/6000.3.10f1/Editor/Data/Resources/UnitySubsystems
[Subsystems] Discovering subsystems at path D:/Game dev/Projects/Basic Platformer (Kenney) 2D/Assets
GfxDevice: creating device client; kGfxThreadingModeNonThreaded
Direct3D:
    Version:  Direct3D 11.0 [level 11.1]
    Renderer: NVIDIA GeForce RTX 3050 Ti Laptop GPU (ID=0x25a0)
    Vendor:   NVIDIA
    VRAM:     3962 MB
    Driver:   32.0.15.9608
Initialize mono
Mono path[0] = 'C:/Program Files/Unity/Hub/Editor/6000.3.10f1/Editor/Data/Managed'
Mono path[1] = 'C:/Program Files/Unity/Hub/Editor/6000.3.10f1/Editor/Data/MonoBleedingEdge/lib/mono/unityjit-win32'
Mono config path = 'C:/Program Files/Unity/Hub/Editor/6000.3.10f1/Editor/Data/MonoBleedingEdge/etc'
Using monoOptions --debugger-agent=transport=dt_socket,embedding=1,server=y,suspend=n,address=127.0.0.1:56048
Begin MonoManager ReloadAssembly
Registering precompiled unity dll's ...
Register platform support module: C:/Program Files/Unity/Hub/Editor/6000.3.10f1/Editor/Data/PlaybackEngines/WindowsStandaloneSupport/UnityEditor.WindowsStandalone.Extensions.dll
Registered in 0.001610 seconds.
- Loaded All Assemblies, in  0.463 seconds
Native extension for WindowsStandalone target not found
ScheduleIndexationOnStartup MainProcess:False IndexOnStartup:True
Mono: successfully reloaded assembly
- Finished resetting the current domain, in  0.564 seconds
Domain Reload Profiling: 1024ms
	BeginReloadAssembly (150ms)
		ExecutionOrderSort (0ms)
		DisableScriptedObjects (0ms)
		BackupInstance (0ms)
		ReleaseScriptingObjects (0ms)
		CreateAndSetChildDomain (1ms)
	RebuildCommonClasses (45ms)
	RebuildNativeTypeToScriptingClass (13ms)
	initialDomainReloadingComplete (52ms)
	LoadAllAssembliesAndSetupDomain (200ms)
		LoadAssemblies (146ms)
		RebuildTransferFunctionScriptingTraits (0ms)
		AnalyzeDomain (196ms)
			TypeCache.Refresh (194ms)
				TypeCache.ScanAssembly (180ms)
			BuildScriptInfoCaches (0ms)
			ResolveRequiredComponents (1ms)
	FinalizeReload (564ms)
		ReleaseScriptCaches (0ms)
		RebuildScriptCaches (0ms)
		SetupLoadedEditorAssemblies (517ms)
			LogAssemblyErrors (0ms)
			InitializePlatformSupportModulesInManaged (60ms)
			SetLoadedEditorAssemblies (6ms)
			BeforeProcessingInitializeOnLoad (120ms)
			ProcessInitializeOnLoadAttributes (219ms)
			ProcessInitializeOnLoadMethodAttributes (111ms)
			AfterProcessingInitializeOnLoad (0ms)
			EditorAssembliesLoaded (0ms)
		ExecutionOrderSort2 (0ms)
		AwakeInstancesAfterBackupRestoration (0ms)
Assembly reference Packages/com.unity.cinemachine/Editor/Samples/ExposeHDRPInternals/HDRP-Editor-ref.asmref has no target assembly definition
========================================================================
Worker process is ready to serve import requests
Import Worker Mode flag is 0x00
Assembly reference Packages/com.unity.cinemachine/Editor/Samples/ExposeHDRPInternals/HDRP-Editor-ref.asmref has no target assembly definition
Assembly reference Packages/com.unity.cinemachine/Editor/Samples/ExposeHDRPInternals/HDRP-Editor-ref.asmref has no target assembly definition
Begin MonoManager ReloadAssembly
[Licensing::Module] Licensing is not yet initialized.
[Licensing::Client] Handshaking with LicensingClient:
  Version:                 1.17.4+4293ba1
  Session Id:              1393b84afa8442b2834712d0c32e476e
  Correlation Id:          f97d3ac9ec75fcf77c64d40a112ef26a
  External correlation Id: 1391210835476403354
  Machine Id:              ifs8HJZfsmNNycVd4ReIk1xBE9k=
[Licensing::Module] Successfully connected to LicensingClient on channel: "LicenseClient-tgond" (connect: 0.00s, validation: 0.00s, handshake: 2.93s)
[Licensing::IpcConnector] Successfully connected to: "LicenseClient-tgond-notifications" at "2026-06-06T10:09:40.8828777Z"
[Licensing::Module] Licensing Background thread has ended after 2.94s
[Licensing::Module] Licensing is initialized (took 0.28s).
[Licensing::Client] Successfully resolved entitlement details
[Licensing::Module] License group:
  Id: 18966797524462-UnityPersXXXX
  Product: Unity Personal
  Type: Assigned
  Expiration: Unlimited
- Loaded All Assemblies, in  1.521 seconds
Assembly reference Packages/com.unity.cinemachine/Editor/Samples/ExposeHDRPInternals/HDRP-Editor-ref.asmref has no target assembly definition
'Packages/com.unity.cinemachine/Editor/Obsolete/CinemachineVirtualCameraBaseEditor.cs' contains partial class of Unity.Object, exactly 1 of the partial classes needs to be in a file with the same filename. This is to know the one that can be referenced from ie. GameObjects
'Packages/com.unity.cinemachine/Editor/Editors/CinemachineVirtualCameraBaseEditor.cs' contains partial class of Unity.Object, exactly 1 of the partial classes needs to be in a file with the same filename. This is to know the one that can be referenced from ie. GameObjects
Refreshing native plugins compatible for Editor in 0.96 ms, found 4 plugins.
Native extension for WindowsStandalone target not found
Assembly reference Packages/com.unity.cinemachine/Editor/Samples/ExposeHDRPInternals/HDRP-Editor-ref.asmref has no target assembly definition
Package Manager log level set to [2]
[Package Manager] Failed to launch server process. Reason: Unity was launched with the -noUpm command-line argument
[Package Manager] Unable to send message (not connected to server process).
[Package Manager] Cannot connect to Unity Package Manager local server
[Package Manager] Failed to launch server process. Reason: Unity was launched with the -noUpm command-line argument
[Package Manager] Unable to send message (not connected to server process).
[Package Manager] Cannot connect to Unity Package Manager local server
ScheduleIndexationOnStartup MainProcess:False IndexOnStartup:True
Mono: successfully reloaded assembly
- Finished resetting the current domain, in  1.722 seconds
Domain Reload Profiling: 3236ms
	BeginReloadAssembly (555ms)
		ExecutionOrderSort (0ms)
		DisableScriptedObjects (10ms)
		BackupInstance (0ms)
		ReleaseScriptingObjects (0ms)
		CreateAndSetChildDomain (50ms)
	RebuildCommonClasses (47ms)
	RebuildNativeTypeToScriptingClass (21ms)
	initialDomainReloadingComplete (63ms)
	LoadAllAssembliesAndSetupDomain (826ms)
		LoadAssemblies (611ms)
		RebuildTransferFunctionScriptingTraits (0ms)
		AnalyzeDomain (356ms)
			TypeCache.Refresh (240ms)
				TypeCache.ScanAssembly (217ms)
			BuildScriptInfoCaches (91ms)
			ResolveRequiredComponents (19ms)
	FinalizeReload (1723ms)
		ReleaseScriptCaches (0ms)
		RebuildScriptCaches (0ms)
		SetupLoadedEditorAssemblies (1476ms)
			LogAssemblyErrors (0ms)
			InitializePlatformSupportModulesInManaged (3ms)
			SetLoadedEditorAssemblies (9ms)
			BeforeProcessingInitializeOnLoad (361ms)
			ProcessInitializeOnLoadAttributes (873ms)
			ProcessInitializeOnLoadMethodAttributes (222ms)
			AfterProcessingInitializeOnLoad (9ms)
			EditorAssembliesLoaded (0ms)
		ExecutionOrderSort2 (0ms)
		AwakeInstancesAfterBackupRestoration (17ms)
Launched and connected shader compiler UnityShaderCompiler.exe after 0.04 seconds
Refreshing native plugins compatible for Editor in 1.65 ms, found 4 plugins.
Preloading 0 native plugins for Editor in 0.00 ms.
Unloading 17 Unused Serialized files (Serialized files now loaded: 0)
Unloading 7315 unused Assets / (4.7 MB). Loaded Objects now: 8136.
Memory consumption went from 156.5 MB to 151.8 MB.
Total: 15.673600 ms (FindLiveObjects: 1.049800 ms CreateObjectMapping: 0.933100 ms MarkObjects: 9.624900 ms  DeleteObjects: 4.064100 ms)

========================================================================
Received Import Request.
  Time since last request: 533.679989 seconds.
  path: Assets/Animation/Player/Run.anim
  artifactKey: Guid(c46ad1dd88a17bc4cb39ee74e23689b1) Importer(2089858483,b0f066a214c2f5e87bad3c948f4d605d)
Start importing Assets/Animation/Player/Run.anim using Guid(c46ad1dd88a17bc4cb39ee74e23689b1) Importer(2089858483,b0f066a214c2f5e87bad3c948f4d605d) (ScriptedImporter) -> (artifact id: '40719b391c4ca72436ad5e756ccb677e') in 0.140412 seconds
Number of updated asset objects reloaded before import = 0Number of asset objects unloaded after import = 1

========================================================================
Received Import Request.
  Time since last request: 1972.188777 seconds.
  path: Assets/UI/healthbar/pulse/horizontal/pulse-2.png
  artifactKey: Guid(2819ebed01ac66f47a41134c5d8a95df) Importer(2089858483,b0f066a214c2f5e87bad3c948f4d605d)
Start importing Assets/UI/healthbar/pulse/horizontal/pulse-2.png using Guid(2819ebed01ac66f47a41134c5d8a95df) Importer(2089858483,b0f066a214c2f5e87bad3c948f4d605d) (ScriptedImporter) -> (artifact id: '523d8a778dfd8584f6d45810d6be7285') in 0.2847723 seconds
Number of updated asset objects reloaded before import = 0Number of asset objects unloaded after import = 3

========================================================================
Received Import Request.
  Time since last request: 0.000050 seconds.
  path: Assets/UI/healthbar/syringe/horizontal/no-heart-syringe-empty-2.png
  artifactKey: Guid(bee5c12c5d81f604095f597ea2e36616) Importer(2089858483,b0f066a214c2f5e87bad3c948f4d605d)
Start importing Assets/UI/healthbar/syringe/horizontal/no-heart-syringe-empty-2.png using Guid(bee5c12c5d81f604095f597ea2e36616) Importer(2089858483,b0f066a214c2f5e87bad3c948f4d605d) (ScriptedImporter) -> (artifact id: '993bcab0b77255b01ddae3dc7f94eac8') in 0.0454337 seconds
Number of updated asset objects reloaded before import = 0Number of asset objects unloaded after import = 3

========================================================================
Received Import Request.
  Time since last request: 0.000123 seconds.
  path: Assets/UI/healthbar/syringe/vertical/syringe-vertical-empty-2.png
  artifactKey: Guid(2a738430c39b5c14a9ecbbe5b4f6df82) Importer(2089858483,b0f066a214c2f5e87bad3c948f4d605d)
Start importing Assets/UI/healthbar/syringe/vertical/syringe-vertical-empty-2.png using Guid(2a738430c39b5c14a9ecbbe5b4f6df82) Importer(2089858483,b0f066a214c2f5e87bad3c948f4d605d) (ScriptedImporter) -> (artifact id: '03d38d83c7aeb411b2e7bb75b5c52470') in 0.0573899 seconds
Number of updated asset objects reloaded before import = 0Number of asset objects unloaded after import = 3

========================================================================
Received Import Request.
  Time since last request: 0.000053 seconds.
  path: Assets/UI/healthbar/syringe/horizontal/syringe-full-3.png
  artifactKey: Guid(6e15c1bf885b4ae44ab4ddc58c75c8ba) Importer(2089858483,b0f066a214c2f5e87bad3c948f4d605d)
Start importing Assets/UI/healthbar/syringe/horizontal/syringe-full-3.png using Guid(6e15c1bf885b4ae44ab4ddc58c75c8ba) Importer(2089858483,b0f066a214c2f5e87bad3c948f4d605d) (ScriptedImporter) -> (artifact id: 'e26fd51c9ee43102c0abfe4748da1911') in 0.047063 seconds
Number of updated asset objects reloaded before import = 0Number of asset objects unloaded after import = 3

========================================================================
Received Import Request.
  Time since last request: 0.000078 seconds.
  path: Assets/UI/healthbar/pulse/horizontal/no-heart-pulse-empty-3.png
  artifactKey: Guid(917e6ef0f192b30449c954f56f3e7a75) Importer(2089858483,b0f066a214c2f5e87bad3c948f4d605d)
Start importing Assets/UI/healthbar/pulse/horizontal/no-heart-pulse-empty-3.png using Guid(917e6ef0f192b30449c954f56f3e7a75) Importer(2089858483,b0f066a214c2f5e87bad3c948f4d605d) (ScriptedImporter) -> (artifact id: '94bf34a8a6141b695434e41315b828ba') in 0.0472386 seconds
Number of updated asset objects reloaded before import = 0Number of asset objects unloaded after import = 3

========================================================================
Received Import Request.
  Time since last request: 0.000055 seconds.
  path: Assets/UI/healthbar/pulse/horizontal/pulse-3.png
  artifactKey: Guid(04d068ac6dc469b46949db1e0d4eae36) Importer(2089858483,b0f066a214c2f5e87bad3c948f4d605d)
Start importing Assets/UI/healthbar/pulse/horizontal/pulse-3.png using Guid(04d068ac6dc469b46949db1e0d4eae36) Importer(2089858483,b0f066a214c2f5e87bad3c948f4d605d) (ScriptedImporter) -> (artifact id: '9270e9eadc366a40176b527ecfcb4ca0') in 0.0489484 seconds
Number of updated asset objects reloaded before import = 0Number of asset objects unloaded after import = 3

========================================================================
Received Import Request.
  Time since last request: 0.000040 seconds.
  path: Assets/UI/healthbar/standard/horizontal
  artifactKey: Guid(7b4792ea6f4f3c8469bf3e8941b6a911) Importer(2089858483,b0f066a214c2f5e87bad3c948f4d605d)
Start importing Assets/UI/healthbar/standard/horizontal using Guid(7b4792ea6f4f3c8469bf3e8941b6a911) Importer(2089858483,b0f066a214c2f5e87bad3c948f4d605d) (ScriptedImporter) -> (artifact id: 'c0b186d0c25a68bccf5516685cdfa4b4') in 0.0123523 seconds
Number of updated asset objects reloaded before import = 0Number of asset objects unloaded after import = 1

========================================================================
Received Import Request.
  Time since last request: 0.000040 seconds.
  path: Assets/UI/healthbar/standard/horizontal/no-heart-standard-full-2.png
  artifactKey: Guid(8994da06a9487e24bbd70a8b08ff4453) Importer(2089858483,b0f066a214c2f5e87bad3c948f4d605d)
Start importing Assets/UI/healthbar/standard/horizontal/no-heart-standard-full-2.png using Guid(8994da06a9487e24bbd70a8b08ff4453) Importer(2089858483,b0f066a214c2f5e87bad3c948f4d605d) (ScriptedImporter) -> (artifact id: 'fdd94e05705b3ec9c42db63ebacd0451') in 0.0551072 seconds
Number of updated asset objects reloaded before import = 0Number of asset objects unloaded after import = 3

========================================================================
Received Import Request.
  Time since last request: 0.000059 seconds.
  path: Assets/UI/healthbar/pulse/horizontal/no-heart-pulse-empty-2.png
  artifactKey: Guid(85360961bee53be4795fee0f8d5115a0) Importer(2089858483,b0f066a214c2f5e87bad3c948f4d605d)
Start importing Assets/UI/healthbar/pulse/horizontal/no-heart-pulse-empty-2.png using Guid(85360961bee53be4795fee0f8d5115a0) Importer(2089858483,b0f066a214c2f5e87bad3c948f4d605d) (ScriptedImporter) -> (artifact id: '21bba6d365cc2533dee15cda4c44cb8d') in 0.0544371 seconds
Number of updated asset objects reloaded before import = 0Number of asset objects unloaded after import = 3

========================================================================
Received Import Request.
  Time since last request: 0.000037 seconds.
  path: Assets/UI/healthbar/pulse/horizontal/no-heart-pulse-full-2.png
  artifactKey: Guid(eb07f769d99d35747b3ab923bfeb61af) Importer(2089858483,b0f066a214c2f5e87bad3c948f4d605d)
Start importing Assets/UI/healthbar/pulse/horizontal/no-heart-pulse-full-2.png using Guid(eb07f769d99d35747b3ab923bfeb61af) Importer(2089858483,b0f066a214c2f5e87bad3c948f4d605d) (ScriptedImporter) -> (artifact id: 'b3ddc3fe10e1cf273b33e7bf02621765') in 0.0429626 seconds
Number of updated asset objects reloaded before import = 0Number of asset objects unloaded after import = 3

========================================================================
Received Import Request.
  Time since last request: 0.000041 seconds.
  path: Assets/UI/healthbar/syringe/horizontal/syringe-full-2.png
  artifactKey: Guid(5897f122ac93d3943be56483be4090d7) Importer(2089858483,b0f066a214c2f5e87bad3c948f4d605d)
Start importing Assets/UI/healthbar/syringe/horizontal/syringe-full-2.png using Guid(5897f122ac93d3943be56483be4090d7) Importer(2089858483,b0f066a214c2f5e87bad3c948f4d605d) (ScriptedImporter) -> (artifact id: 'e6cac4a7e827d1583cfd65f5ff9c42c4') in 0.0441937 seconds
Number of updated asset objects reloaded before import = 0Number of asset objects unloaded after import = 3

========================================================================
Received Import Request.
  Time since last request: 0.000055 seconds.
  path: Assets/UI/healthbar/syringe/vertical/no-heart-syringe-vertical-empty-2.png
  artifactKey: Guid(8f43b54238353924999ef3a312f1364b) Importer(2089858483,b0f066a214c2f5e87bad3c948f4d605d)
Start importing Assets/UI/healthbar/syringe/vertical/no-heart-syringe-vertical-empty-2.png using Guid(8f43b54238353924999ef3a312f1364b) Importer(2089858483,b0f066a214c2f5e87bad3c948f4d605d) (ScriptedImporter) -> (artifact id: 'f06c624a97cb10cccffb9745580bdfbe') in 0.0453818 seconds
Number of updated asset objects reloaded before import = 0Number of asset objects unloaded after import = 3

========================================================================
Received Import Request.
  Time since last request: 0.000034 seconds.
  path: Assets/UI/healthbar/standard/horizontal/standard-empty-3.png
  artifactKey: Guid(6fe38ae3a91380941a0baf14dae656c8) Importer(2089858483,b0f066a214c2f5e87bad3c948f4d605d)
Start importing Assets/UI/healthbar/standard/horizontal/standard-empty-3.png using Guid(6fe38ae3a91380941a0baf14dae656c8) Importer(2089858483,b0f066a214c2f5e87bad3c948f4d605d) (ScriptedImporter) -> (artifact id: '97db4a35d42a12f2f99c4a955f4b427c') in 0.0496736 seconds
Number of updated asset objects reloaded before import = 0Number of asset objects unloaded after import = 3

========================================================================
Received Import Request.
  Time since last request: 0.000037 seconds.
  path: Assets/UI/healthbar/standard/horizontal/standard-1.png
  artifactKey: Guid(c20af031e7692214cb31531136a34110) Importer(2089858483,b0f066a214c2f5e87bad3c948f4d605d)
Start importing Assets/UI/healthbar/standard/horizontal/standard-1.png using Guid(c20af031e7692214cb31531136a34110) Importer(2089858483,b0f066a214c2f5e87bad3c948f4d605d) (ScriptedImporter) -> (artifact id: 'd6553cce276218d0928525f760a588dc') in 0.0506753 seconds
Number of updated asset objects reloaded before import = 0Number of asset objects unloaded after import = 3

========================================================================
Received Import Request.
  Time since last request: 0.000067 seconds.
  path: Assets/UI/healthbar/syringe/vertical/no-heart-syringe-vertical-full.png
  artifactKey: Guid(fdb23411ba7d3c9408673dd263d23eb9) Importer(2089858483,b0f066a214c2f5e87bad3c948f4d605d)
Start importing Assets/UI/healthbar/syringe/vertical/no-heart-syringe-vertical-full.png using Guid(fdb23411ba7d3c9408673dd263d23eb9) Importer(2089858483,b0f066a214c2f5e87bad3c948f4d605d) (ScriptedImporter) -> (artifact id: '38a9e7c889b1424af64fa5cf9347cea2') in 0.0521172 seconds
Number of updated asset objects reloaded before import = 0Number of asset objects unloaded after import = 3

========================================================================
Received Import Request.
  Time since last request: 0.000034 seconds.
  path: Assets/UI/healthbar/standard/horizontal/standard-3.png
  artifactKey: Guid(971ab95ad9d687549ba90714ad184c4f) Importer(2089858483,b0f066a214c2f5e87bad3c948f4d605d)
Start importing Assets/UI/healthbar/standard/horizontal/standard-3.png using Guid(971ab95ad9d687549ba90714ad184c4f) Importer(2089858483,b0f066a214c2f5e87bad3c948f4d605d) (ScriptedImporter) -> (artifact id: '33e76a57571a25872cf6bd4cf8e3bcdf') in 0.0571103 seconds
Number of updated asset objects reloaded before import = 0Number of asset objects unloaded after import = 3

========================================================================
Received Import Request.
  Time since last request: 0.000048 seconds.
  path: Assets/UI/healthbar/syringe/horizontal/syringe-empty-2.png
  artifactKey: Guid(76295dac6ac9d1f4aabc220f06046afe) Importer(2089858483,b0f066a214c2f5e87bad3c948f4d605d)
Start importing Assets/UI/healthbar/syringe/horizontal/syringe-empty-2.png using Guid(76295dac6ac9d1f4aabc220f06046afe) Importer(2089858483,b0f066a214c2f5e87bad3c948f4d605d) (ScriptedImporter) -> (artifact id: 'f8a77f2d883fa50ab6ae052b2e2d3c6c') in 0.0591648 seconds
Number of updated asset objects reloaded before import = 0Number of asset objects unloaded after import = 3

========================================================================
Received Import Request.
  Time since last request: 0.000058 seconds.
  path: Assets/UI/healthbar/pulse/vertical/pulse-vertical-1.png
  artifactKey: Guid(3ec6e9f7248ba484b875de4af381ac1f) Importer(2089858483,b0f066a214c2f5e87bad3c948f4d605d)
Start importing Assets/UI/healthbar/pulse/vertical/pulse-vertical-1.png using Guid(3ec6e9f7248ba484b875de4af381ac1f) Importer(2089858483,b0f066a214c2f5e87bad3c948f4d605d) (ScriptedImporter) -> (artifact id: '248d36c8d56c1b2892894390da472474') in 0.047088 seconds
Number of updated asset objects reloaded before import = 0Number of asset objects unloaded after import = 3

========================================================================
Received Import Request.
  Time since last request: 0.000031 seconds.
  path: Assets/UI/healthbar/syringe/vertical/syringe-vertical-full-2.png
  artifactKey: Guid(c6a6b3b1c0caef840a4c287ef158080f) Importer(2089858483,b0f066a214c2f5e87bad3c948f4d605d)
Start importing Assets/UI/healthbar/syringe/vertical/syringe-vertical-full-2.png using Guid(c6a6b3b1c0caef840a4c287ef158080f) Importer(2089858483,b0f066a214c2f5e87bad3c948f4d605d) (ScriptedImporter) -> (artifact id: '8589ce6f246f317633bbf35004465298') in 0.0496427 seconds
Number of updated asset objects reloaded before import = 0Number of asset objects unloaded after import = 3

========================================================================
Received Import Request.
  Time since last request: 0.000050 seconds.
  path: Assets/UI/healthbar/syringe/horizontal/syringe-empty-3.png
  artifactKey: Guid(6f48b00b7faac374991e60b8a46ecd22) Importer(2089858483,b0f066a214c2f5e87bad3c948f4d605d)
Start importing Assets/UI/healthbar/syringe/horizontal/syringe-empty-3.png using Guid(6f48b00b7faac374991e60b8a46ecd22) Importer(2089858483,b0f066a214c2f5e87bad3c948f4d605d) (ScriptedImporter) -> (artifact id: 'ac24dfc48b422fbf85d41674b1cf71b8') in 0.049559 seconds
Number of updated asset objects reloaded before import = 0Number of asset objects unloaded after import = 3

========================================================================
Received Import Request.
  Time since last request: 0.000058 seconds.
  path: Assets/UI/healthbar/pulse/horizontal/pulse-full-1.png
  artifactKey: Guid(e14d5f5bd18eeb9428669fae38afd7cc) Importer(2089858483,b0f066a214c2f5e87bad3c948f4d605d)
Start importing Assets/UI/healthbar/pulse/horizontal/pulse-full-1.png using Guid(e14d5f5bd18eeb9428669fae38afd7cc) Importer(2089858483,b0f066a214c2f5e87bad3c948f4d605d) (ScriptedImporter) -> (artifact id: '4545986e851d6acad73a996c16d215fc') in 0.0504128 seconds
Number of updated asset objects reloaded before import = 0Number of asset objects unloaded after import = 3

========================================================================
Received Import Request.
  Time since last request: 0.000103 seconds.
  path: Assets/UI/healthbar/syringe/vertical/syringe-vertical-full-1.png
  artifactKey: Guid(d190ed2b3bd8ecc49bd2f468fd86dae5) Importer(2089858483,b0f066a214c2f5e87bad3c948f4d605d)
Start importing Assets/UI/healthbar/syringe/vertical/syringe-vertical-full-1.png using Guid(d190ed2b3bd8ecc49bd2f468fd86dae5) Importer(2089858483,b0f066a214c2f5e87bad3c948f4d605d) (ScriptedImporter) -> (artifact id: '2c5f573026d3773da18efaec768ab316') in 0.0688718 seconds
Number of updated asset objects reloaded before import = 0Number of asset objects unloaded after import = 3

========================================================================
Received Import Request.
  Time since last request: 0.000047 seconds.
  path: Assets/UI/healthbar/pulse/horizontal/pulse-full-3.png
  artifactKey: Guid(edfb18db11e82ad4d83bb2ea8a4a69e5) Importer(2089858483,b0f066a214c2f5e87bad3c948f4d605d)
Start importing Assets/UI/healthbar/pulse/horizontal/pulse-full-3.png using Guid(edfb18db11e82ad4d83bb2ea8a4a69e5) Importer(2089858483,b0f066a214c2f5e87bad3c948f4d605d) (ScriptedImporter) -> (artifact id: '352336ea8c7cb99d71c251cc45e237c8') in 0.0546682 seconds
Number of updated asset objects reloaded before import = 0Number of asset objects unloaded after import = 3

========================================================================
Received Import Request.
  Time since last request: 0.000082 seconds.
  path: Assets/UI/healthbar/standard/horizontal/no-heart-standard-empty-3.png
  artifactKey: Guid(07e7c0cd883d81c43b95fe8afde221c4) Importer(2089858483,b0f066a214c2f5e87bad3c948f4d605d)
Start importing Assets/UI/healthbar/standard/horizontal/no-heart-standard-empty-3.png using Guid(07e7c0cd883d81c43b95fe8afde221c4) Importer(2089858483,b0f066a214c2f5e87bad3c948f4d605d) (ScriptedImporter) -> (artifact id: '72f96f301ac66b567e8968251455c41a') in 0.0550071 seconds
Number of updated asset objects reloaded before import = 0Number of asset objects unloaded after import = 3

========================================================================
Received Import Request.
  Time since last request: 0.000037 seconds.
  path: Assets/UI/healthbar/syringe/vertical/syringe-vertical-empty-1.png
  artifactKey: Guid(52f03a4b31d1fe148a00caf31b1005ff) Importer(2089858483,b0f066a214c2f5e87bad3c948f4d605d)
Start importing Assets/UI/healthbar/syringe/vertical/syringe-vertical-empty-1.png using Guid(52f03a4b31d1fe148a00caf31b1005ff) Importer(2089858483,b0f066a214c2f5e87bad3c948f4d605d) (ScriptedImporter) -> (artifact id: '267941b5243a8e6401ad2a7cefbde76c') in 0.0575649 seconds
Number of updated asset objects reloaded before import = 0Number of asset objects unloaded after import = 3

========================================================================
Received Import Request.
  Time since last request: 0.000045 seconds.
  path: Assets/UI/healthbar/standard/horizontal/no-heart-standard-empty-2.png
  artifactKey: Guid(40fae1d569e79944f849b2da415acd5c) Importer(2089858483,b0f066a214c2f5e87bad3c948f4d605d)
Start importing Assets/UI/healthbar/standard/horizontal/no-heart-standard-empty-2.png using Guid(40fae1d569e79944f849b2da415acd5c) Importer(2089858483,b0f066a214c2f5e87bad3c948f4d605d) (ScriptedImporter) -> (artifact id: '776cdc636ce0508a541a0fd34d4c395a') in 0.0605138 seconds
Number of updated asset objects reloaded before import = 0Number of asset objects unloaded after import = 3

========================================================================
Received Import Request.
  Time since last request: 0.000129 seconds.
  path: Assets/UI/healthbar/standard/vertical/no-heart-standard-vertical-empty-2.png
  artifactKey: Guid(2400c73c172e31843b82292301b487f9) Importer(2089858483,b0f066a214c2f5e87bad3c948f4d605d)
Start importing Assets/UI/healthbar/standard/vertical/no-heart-standard-vertical-empty-2.png using Guid(2400c73c172e31843b82292301b487f9) Importer(2089858483,b0f066a214c2f5e87bad3c948f4d605d) (ScriptedImporter) -> (artifact id: '04daddb357f8fae8f7a13f9a99ddd646') in 0.0591743 seconds
Number of updated asset objects reloaded before import = 0Number of asset objects unloaded after import = 3

========================================================================
Received Import Request.
  Time since last request: 0.000033 seconds.
  path: Assets/UI/healthbar/pulse/horizontal/no-heart-pulse-full-1.png
  artifactKey: Guid(918a37481e415f54cacd265cb57429a2) Importer(2089858483,b0f066a214c2f5e87bad3c948f4d605d)
Start importing Assets/UI/healthbar/pulse/horizontal/no-heart-pulse-full-1.png using Guid(918a37481e415f54cacd265cb57429a2) Importer(2089858483,b0f066a214c2f5e87bad3c948f4d605d) (ScriptedImporter) -> (artifact id: '77c937259fb089f1b33aff50c4a03513') in 0.0631051 seconds
Number of updated asset objects reloaded before import = 0Number of asset objects unloaded after import = 3

========================================================================
Received Import Request.
  Time since last request: 0.000044 seconds.
  path: Assets/UI/healthbar/standard/vertical/standard-vertical-full-3.png
  artifactKey: Guid(150b86199ba118a4fb8292b305172060) Importer(2089858483,b0f066a214c2f5e87bad3c948f4d605d)
Start importing Assets/UI/healthbar/standard/vertical/standard-vertical-full-3.png using Guid(150b86199ba118a4fb8292b305172060) Importer(2089858483,b0f066a214c2f5e87bad3c948f4d605d) (ScriptedImporter) -> (artifact id: 'c4c220492f3eace11e94c54f30a8a174') in 0.0531349 seconds
Number of updated asset objects reloaded before import = 0Number of asset objects unloaded after import = 3

========================================================================
Received Import Request.
  Time since last request: 0.000141 seconds.
  path: Assets/UI/healthbar/pulse/horizontal/pulse-empty-3.png
  artifactKey: Guid(25c17a46949582d4d98b0c8f10786db7) Importer(2089858483,b0f066a214c2f5e87bad3c948f4d605d)
Start importing Assets/UI/healthbar/pulse/horizontal/pulse-empty-3.png using Guid(25c17a46949582d4d98b0c8f10786db7) Importer(2089858483,b0f066a214c2f5e87bad3c948f4d605d) (ScriptedImporter) -> (artifact id: '5c5d334be8177caffdb763af1645bf3c') in 0.0582106 seconds
Number of updated asset objects reloaded before import = 0Number of asset objects unloaded after import = 3

========================================================================
Received Import Request.
  Time since last request: 0.000491 seconds.
  path: Assets/UI/healthbar/standard/vertical/no-heart-standard-vertical-full-2.png
  artifactKey: Guid(5881ea2a8ccb41848a0b9f2647275da5) Importer(2089858483,b0f066a214c2f5e87bad3c948f4d605d)
Start importing Assets/UI/healthbar/standard/vertical/no-heart-standard-vertical-full-2.png using Guid(5881ea2a8ccb41848a0b9f2647275da5) Importer(2089858483,b0f066a214c2f5e87bad3c948f4d605d) (ScriptedImporter) -> (artifact id: 'ded528549b4f9894b01a34aad03c2a73') in 0.0697636 seconds
Number of updated asset objects reloaded before import = 0Number of asset objects unloaded after import = 3

========================================================================
Received Import Request.
  Time since last request: 0.000073 seconds.
  path: Assets/UI/healthbar/syringe/vertical/no-heart-syringe-vertical-full-2.png
  artifactKey: Guid(669192a4c239a7949bb2c2fb5a705e8f) Importer(2089858483,b0f066a214c2f5e87bad3c948f4d605d)
Start importing Assets/UI/healthbar/syringe/vertical/no-heart-syringe-vertical-full-2.png using Guid(669192a4c239a7949bb2c2fb5a705e8f) Importer(2089858483,b0f066a214c2f5e87bad3c948f4d605d) (ScriptedImporter) -> (artifact id: 'efa41f4796c6583f758b09605b50c5d9') in 0.1594515 seconds
Number of updated asset objects reloaded before import = 0Number of asset objects unloaded after import = 3

========================================================================
Received Import Request.
  Time since last request: 0.000050 seconds.
  path: Assets/UI/healthbar/standard/vertical/standard-vertical-empty-3.png
  artifactKey: Guid(8a13335555aab804283e071a6b2e165c) Importer(2089858483,b0f066a214c2f5e87bad3c948f4d605d)
Start importing Assets/UI/healthbar/standard/vertical/standard-vertical-empty-3.png using Guid(8a13335555aab804283e071a6b2e165c) Importer(2089858483,b0f066a214c2f5e87bad3c948f4d605d) (ScriptedImporter) -> (artifact id: '10b9318142e66d7c358a023ec696e48e') in 0.0881038 seconds
Number of updated asset objects reloaded before import = 0Number of asset objects unloaded after import = 3

========================================================================
Received Import Request.
  Time since last request: 0.000067 seconds.
  path: Assets/UI/healthbar/pulse/vertical/pulse-empty-1.png
  artifactKey: Guid(ac26e1c1a2991d744b99144bf1aa6e6a) Importer(2089858483,b0f066a214c2f5e87bad3c948f4d605d)
Start importing Assets/UI/healthbar/pulse/vertical/pulse-empty-1.png using Guid(ac26e1c1a2991d744b99144bf1aa6e6a) Importer(2089858483,b0f066a214c2f5e87bad3c948f4d605d) (ScriptedImporter) -> (artifact id: 'b8846ed930941149fb60de48ad442af2') in 0.0603664 seconds
Number of updated asset objects reloaded before import = 0Number of asset objects unloaded after import = 3

========================================================================
Received Import Request.
  Time since last request: 0.000044 seconds.
  path: Assets/UI/healthbar/pulse/horizontal/pulse-1.png
  artifactKey: Guid(698e560cdbcbc1f43b9c2efec165b68e) Importer(2089858483,b0f066a214c2f5e87bad3c948f4d605d)
Start importing Assets/UI/healthbar/pulse/horizontal/pulse-1.png using Guid(698e560cdbcbc1f43b9c2efec165b68e) Importer(2089858483,b0f066a214c2f5e87bad3c948f4d605d) (ScriptedImporter) -> (artifact id: '406aadf86df91e75db1b90f80af5fe6e') in 0.0647998 seconds
Number of updated asset objects reloaded before import = 0Number of asset objects unloaded after import = 3

========================================================================
Received Import Request.
  Time since last request: 0.000070 seconds.
  path: Assets/UI/healthbar/pulse/vertical/pulse-vertical-3.png
  artifactKey: Guid(7177bc908ed2c2b4d89da328c89826aa) Importer(2089858483,b0f066a214c2f5e87bad3c948f4d605d)
Start importing Assets/UI/healthbar/pulse/vertical/pulse-vertical-3.png using Guid(7177bc908ed2c2b4d89da328c89826aa) Importer(2089858483,b0f066a214c2f5e87bad3c948f4d605d) (ScriptedImporter) -> (artifact id: 'f47f75b5f091501d79044f9c46391cdf') in 0.0740896 seconds
Number of updated asset objects reloaded before import = 0Number of asset objects unloaded after import = 3

========================================================================
Received Import Request.
  Time since last request: 0.000061 seconds.
  path: Assets/UI/healthbar/pulse/vertical/no-heart-pulse-vertical-full-2.png
  artifactKey: Guid(54e882e211b284a43a388159bfd7dcb7) Importer(2089858483,b0f066a214c2f5e87bad3c948f4d605d)
Start importing Assets/UI/healthbar/pulse/vertical/no-heart-pulse-vertical-full-2.png using Guid(54e882e211b284a43a388159bfd7dcb7) Importer(2089858483,b0f066a214c2f5e87bad3c948f4d605d) (ScriptedImporter) -> (artifact id: 'd5c856de36eef4e738618f287eb3ff85') in 0.0507015 seconds
Number of updated asset objects reloaded before import = 0Number of asset objects unloaded after import = 3

========================================================================
Received Import Request.
  Time since last request: 0.000055 seconds.
  path: Assets/UI/healthbar/pulse/horizontal/pulse-full-2.png
  artifactKey: Guid(1f66fc9dd416206408140e025ef174d1) Importer(2089858483,b0f066a214c2f5e87bad3c948f4d605d)
Start importing Assets/UI/healthbar/pulse/horizontal/pulse-full-2.png using Guid(1f66fc9dd416206408140e025ef174d1) Importer(2089858483,b0f066a214c2f5e87bad3c948f4d605d) (ScriptedImporter) -> (artifact id: 'ff0c16e86a652fa98bdf9004e1d54cec') in 0.0694859 seconds
Number of updated asset objects reloaded before import = 0Number of asset objects unloaded after import = 3

========================================================================
Received Import Request.
  Time since last request: 0.000057 seconds.
  path: Assets/UI/healthbar/standard/horizontal/standard-empty-2.png
  artifactKey: Guid(c9dbba13970a76d42bc4bdde141e6332) Importer(2089858483,b0f066a214c2f5e87bad3c948f4d605d)
Start importing Assets/UI/healthbar/standard/horizontal/standard-empty-2.png using Guid(c9dbba13970a76d42bc4bdde141e6332) Importer(2089858483,b0f066a214c2f5e87bad3c948f4d605d) (ScriptedImporter) -> (artifact id: '5c3378f88a0459c974e323ee866ce1ad') in 0.0989125 seconds
Number of updated asset objects reloaded before import = 0Number of asset objects unloaded after import = 3

========================================================================
Received Import Request.
  Time since last request: 0.000071 seconds.
  path: Assets/UI
  artifactKey: Guid(843b965f3057e874a9f91435fadd8165) Importer(2089858483,b0f066a214c2f5e87bad3c948f4d605d)
Start importing Assets/UI using Guid(843b965f3057e874a9f91435fadd8165) Importer(2089858483,b0f066a214c2f5e87bad3c948f4d605d) (ScriptedImporter) -> (artifact id: 'a7557e8e78e9dd9939d404bb10aa5756') in 0.0107601 seconds
Number of updated asset objects reloaded before import = 0Number of asset objects unloaded after import = 1

========================================================================
Received Import Request.
  Time since last request: 0.000048 seconds.
  path: Assets/UI/healthbar/pulse/vertical/pulse-full-3.png
  artifactKey: Guid(3af9d554f725f3c42a0be20ae59b4b04) Importer(2089858483,b0f066a214c2f5e87bad3c948f4d605d)
Start importing Assets/UI/healthbar/pulse/vertical/pulse-full-3.png using Guid(3af9d554f725f3c42a0be20ae59b4b04) Importer(2089858483,b0f066a214c2f5e87bad3c948f4d605d) (ScriptedImporter) -> (artifact id: '246fc1f1ab3ff585ed9eb619209bbc9f') in 0.0541733 seconds
Number of updated asset objects reloaded before import = 0Number of asset objects unloaded after import = 3

========================================================================
Received Import Request.
  Time since last request: 0.000062 seconds.
  path: Assets/UI/healthbar/standard/vertical/standard-vertical-1.png
  artifactKey: Guid(599c3cf74e574c841bd4eb30b02893e9) Importer(2089858483,b0f066a214c2f5e87bad3c948f4d605d)
Start importing Assets/UI/healthbar/standard/vertical/standard-vertical-1.png using Guid(599c3cf74e574c841bd4eb30b02893e9) Importer(2089858483,b0f066a214c2f5e87bad3c948f4d605d) (ScriptedImporter) -> (artifact id: '7a540be422001d66f809e7c7eb620b77') in 0.0764516 seconds
Number of updated asset objects reloaded before import = 0Number of asset objects unloaded after import = 3

========================================================================
Received Import Request.
  Time since last request: 0.000104 seconds.
  path: Assets/UI/healthbar/standard/vertical/standard-full-1.png
  artifactKey: Guid(d6464053d54b0e042a27dea46cb705dc) Importer(2089858483,b0f066a214c2f5e87bad3c948f4d605d)
Start importing Assets/UI/healthbar/standard/vertical/standard-full-1.png using Guid(d6464053d54b0e042a27dea46cb705dc) Importer(2089858483,b0f066a214c2f5e87bad3c948f4d605d) (ScriptedImporter) -> (artifact id: '13679076f7b2866cb520c4703cf30fe2') in 0.0479373 seconds
Number of updated asset objects reloaded before import = 0Number of asset objects unloaded after import = 3

========================================================================
Received Import Request.
  Time since last request: 0.000038 seconds.
  path: Assets/UI/healthbar/pulse/horizontal/no-heart-pulse-full-3.png
  artifactKey: Guid(c1076d7164fd1f2469e9da649913d419) Importer(2089858483,b0f066a214c2f5e87bad3c948f4d605d)
Start importing Assets/UI/healthbar/pulse/horizontal/no-heart-pulse-full-3.png using Guid(c1076d7164fd1f2469e9da649913d419) Importer(2089858483,b0f066a214c2f5e87bad3c948f4d605d) (ScriptedImporter) -> (artifact id: 'd02288001ff7073ffa889aa2abd102e7') in 0.0532502 seconds
Number of updated asset objects reloaded before import = 0Number of asset objects unloaded after import = 3

========================================================================
Received Import Request.
  Time since last request: 0.000046 seconds.
  path: Assets/UI/healthbar/standard/vertical/no-heart-standard-vertical-empty-3.png
  artifactKey: Guid(6b82aec2107972841b9b396c307c730c) Importer(2089858483,b0f066a214c2f5e87bad3c948f4d605d)
Start importing Assets/UI/healthbar/standard/vertical/no-heart-standard-vertical-empty-3.png using Guid(6b82aec2107972841b9b396c307c730c) Importer(2089858483,b0f066a214c2f5e87bad3c948f4d605d) (ScriptedImporter) -> (artifact id: '2e6904badc701061407d16eb85ebd9a4') in 0.0486925 seconds
Number of updated asset objects reloaded before import = 0Number of asset objects unloaded after import = 3

========================================================================
Received Import Request.
  Time since last request: 0.000065 seconds.
  path: Assets/UI/healthbar/syringe/horizontal/no-heart-syringe-empty-3.png
  artifactKey: Guid(0e607c7ed4a844648851ce31bd876f19) Importer(2089858483,b0f066a214c2f5e87bad3c948f4d605d)
Start importing Assets/UI/healthbar/syringe/horizontal/no-heart-syringe-empty-3.png using Guid(0e607c7ed4a844648851ce31bd876f19) Importer(2089858483,b0f066a214c2f5e87bad3c948f4d605d) (ScriptedImporter) -> (artifact id: 'd86866204677a09abeb290715be11e26') in 0.0584086 seconds
Number of updated asset objects reloaded before import = 0Number of asset objects unloaded after import = 3

========================================================================
Received Import Request.
  Time since last request: 0.000038 seconds.
  path: Assets/UI/healthbar/syringe/vertical/no-heart-syringe-vertical-empty.png
  artifactKey: Guid(6683bb2a0d4632a46a4d27a917dea55a) Importer(2089858483,b0f066a214c2f5e87bad3c948f4d605d)
Start importing Assets/UI/healthbar/syringe/vertical/no-heart-syringe-vertical-empty.png using Guid(6683bb2a0d4632a46a4d27a917dea55a) Importer(2089858483,b0f066a214c2f5e87bad3c948f4d605d) (ScriptedImporter) -> (artifact id: '1cd492ccd26474fdc727fae6717f0562') in 0.0619232 seconds
Number of updated asset objects reloaded before import = 0Number of asset objects unloaded after import = 3

Editor requested this worker to shutdown with reason: Scaling down because of idle timeout
AssetImportWorker is now disconnected from the server
Process exiting
Exiting without the bug reporter. Application will terminate with return code 0