[Licensing::Module] Trying to connect to existing licensing client channel...
Built from '6000.3/staging' branch; Version is '6000.3.10f1 (e35f0c77bd8e) revision 14901004'; Using compiler version '194234433'; Build Type 'Release'
OS: 'Windows 11  (10.0.26200) Core' Language: 'en' Physical Memory: 15720 MB
BatchMode: 1, IsHumanControllingUs: 0, StartBugReporterOnCrash: 0, Is64bit: 1
[Licensing::IpcConnector] Successfully connected to: "LicenseClient-tgond" at "2026-06-06T10:09:37.9356959Z"
System  architecture: x64
Process architecture: x64
Date: 2026-06-06T10:09:37Z

COMMAND LINE ARGUMENTS:
C:\Program Files\Unity\Hub\Editor\6000.3.10f1\Editor\Unity.exe
-adb2
-batchMode
-noUpm
-name
AssetImportWorker0
-projectPath
D:/Game dev/Projects/Basic Platformer (Kenney) 2D
-logFile
Logs/AssetImportWorker0.log
-srvPort
61692
-licensingIpc
LicenseClient-tgond
-job-worker-count
7
-background-job-worker-count
8
-gc-helper-count
1
-name
AssetImport
Successfully changed project path to: D:/Game dev/Projects/Basic Platformer (Kenney) 2D
D:/Game dev/Projects/Basic Platformer (Kenney) 2D
[UnityMemory] Configuration Parameters - Can be set up in boot.config
    "memorysetup-temp-allocator-size-nav-mesh-worker=65536"
    "memorysetup-temp-allocator-size-audio-worker=65536"
    "memorysetup-temp-allocator-size-gfx=262144"
    "memorysetup-allocator-temp-initial-block-size-main=262144"
    "memorysetup-allocator-temp-initial-block-size-worker=262144"
    "memorysetup-temp-allocator-size-background-worker=32768"
    "memorysetup-temp-allocator-size-job-worker=262144"
    "memorysetup-temp-allocator-size-preload-manager=33554432"
    "memorysetup-temp-allocator-size-gi-baking-worker=262144"
    "memorysetup-temp-allocator-size-gi-baking-worker=262144"
    "memorysetup-temp-allocator-size-gi-baking-worker=262144"
    "memorysetup-temp-allocator-size-gi-baking-worker=262144"
    "memorysetup-temp-allocator-size-gi-baking-worker=262144"
    "memorysetup-bucket-allocator-granularity=16"
    "memorysetup-bucket-allocator-bucket-count=8"
    "memorysetup-bucket-allocator-block-size=33554432"
    "memorysetup-bucket-allocator-block-count=8"
    "memorysetup-main-allocator-block-size=16777216"
    "memorysetup-thread-allocator-block-size=16777216"
    "memorysetup-gfx-main-allocator-block-size=16777216"
    "memorysetup-gfx-thread-allocator-block-size=16777216"
    "memorysetup-cache-allocator-block-size=4194304"
    "memorysetup-typetree-allocator-block-size=2097152"
    "memorysetup-profiler-bucket-allocator-granularity=16"
    "memorysetup-profiler-bucket-allocator-bucket-count=8"
    "memorysetup-profiler-bucket-allocator-block-size=33554432"
    "memorysetup-profiler-bucket-allocator-block-count=8"
    "memorysetup-profiler-allocator-block-size=16777216"
    "memorysetup-profiler-editor-allocator-block-size=1048576"
    "memorysetup-temp-allocator-size-main=16777216"
    "memorysetup-job-temp-allocator-block-size=2097152"
    "memorysetup-job-temp-allocator-block-size-background=1048576"
    "memorysetup-job-temp-allocator-reduction-small-platforms=262144"
    "memorysetup-temp-allocator-size-cloud-worker=32768"
Player connection [7620]  Target information:

Player connection [7620]  * "[IP] 192.168.18.128 [Port] 0 [Flags] 2 [Guid] 1708821532 [EditorId] 1708821532 [Version] 1048832 [Id] WindowsEditor(7,Talal) [Debug] 1 [PackageName] WindowsEditor [ProjectName] Editor" 

Player connection [7620] Host joined multi-casting on [225.0.0.222:54997]...
Player connection [7620] Host joined alternative multi-casting on [225.0.0.222:34997]...
JobSystem: Creating JobQueue using job-worker-count value 7
Input System module state changed to: Initialized.
[Physics::Module] Initialized fallback backend.
[Physics::Module] Id: 0xdecafbad
Library Redirect Path: Library/
[Physics::Module] Selected backend.
[Physics::Module] Name: PhysX
[Physics::Module] Id: 0xf2b8ea05
[Physics::Module] SDK Version: 4.1.2
[Physics::Module] Integration Version: 1.0.0
[Physics::Module] Threading Mode: Multi-Threaded
Refreshing native plugins compatible for Editor in 3.54 ms, found 4 plugins.
Preloading 0 native plugins for Editor in 0.00 ms.
Initialize engine version: 6000.3.10f1 (e35f0c77bd8e)
[Subsystems] Discovering subsystems at path C:/Program Files/Unity/Hub/Editor/6000.3.10f1/Editor/Data/Resources/UnitySubsystems
[Subsystems] Discovering subsystems at path D:/Game dev/Projects/Basic Platformer (Kenney) 2D/Assets
GfxDevice: creating device client; kGfxThreadingModeNonThreaded
Direct3D:
    Version:  Direct3D 11.0 [level 11.1]
    Renderer: NVIDIA GeForce RTX 3050 Ti Laptop GPU (ID=0x25a0)
    Vendor:   NVIDIA
    VRAM:     3962 MB
    Driver:   32.0.15.9608
Initialize mono
Mono path[0] = 'C:/Program Files/Unity/Hub/Editor/6000.3.10f1/Editor/Data/Managed'
Mono path[1] = 'C:/Program Files/Unity/Hub/Editor/6000.3.10f1/Editor/Data/MonoBleedingEdge/lib/mono/unityjit-win32'
Mono config path = 'C:/Program Files/Unity/Hub/Editor/6000.3.10f1/Editor/Data/MonoBleedingEdge/etc'
Using monoOptions --debugger-agent=transport=dt_socket,embedding=1,server=y,suspend=n,address=127.0.0.1:56176
Begin MonoManager ReloadAssembly
Registering precompiled unity dll's ...
Register platform support module: C:/Program Files/Unity/Hub/Editor/6000.3.10f1/Editor/Data/PlaybackEngines/WindowsStandaloneSupport/UnityEditor.WindowsStandalone.Extensions.dll
Registered in 0.001699 seconds.
- Loaded All Assemblies, in  0.449 seconds
Native extension for WindowsStandalone target not found
ScheduleIndexationOnStartup MainProcess:False IndexOnStartup:True
Mono: successfully reloaded assembly
- Finished resetting the current domain, in  0.549 seconds
Domain Reload Profiling: 995ms
	BeginReloadAssembly (145ms)
		ExecutionOrderSort (0ms)
		DisableScriptedObjects (0ms)
		BackupInstance (0ms)
		ReleaseScriptingObjects (0ms)
		CreateAndSetChildDomain (1ms)
	RebuildCommonClasses (44ms)
	RebuildNativeTypeToScriptingClass (13ms)
	initialDomainReloadingComplete (54ms)
	LoadAllAssembliesAndSetupDomain (190ms)
		LoadAssemblies (141ms)
		RebuildTransferFunctionScriptingTraits (0ms)
		AnalyzeDomain (186ms)
			TypeCache.Refresh (184ms)
				TypeCache.ScanAssembly (169ms)
			BuildScriptInfoCaches (0ms)
			ResolveRequiredComponents (1ms)
	FinalizeReload (550ms)
		ReleaseScriptCaches (0ms)
		RebuildScriptCaches (0ms)
		SetupLoadedEditorAssemblies (505ms)
			LogAssemblyErrors (0ms)
			InitializePlatformSupportModulesInManaged (58ms)
			SetLoadedEditorAssemblies (5ms)
			BeforeProcessingInitializeOnLoad (119ms)
			ProcessInitializeOnLoadAttributes (216ms)
			ProcessInitializeOnLoadMethodAttributes (106ms)
			AfterProcessingInitializeOnLoad (0ms)
			EditorAssembliesLoaded (0ms)
		ExecutionOrderSort2 (0ms)
		AwakeInstancesAfterBackupRestoration (0ms)
Assembly reference Packages/com.unity.cinemachine/Editor/Samples/ExposeHDRPInternals/HDRP-Editor-ref.asmref has no target assembly definition
========================================================================
Worker process is ready to serve import requests
Import Worker Mode flag is 0x00
Assembly reference Packages/com.unity.cinemachine/Editor/Samples/ExposeHDRPInternals/HDRP-Editor-ref.asmref has no target assembly definition
Assembly reference Packages/com.unity.cinemachine/Editor/Samples/ExposeHDRPInternals/HDRP-Editor-ref.asmref has no target assembly definition
Begin MonoManager ReloadAssembly
[Licensing::Module] Licensing is not yet initialized.
[Licensing::Client] Handshaking with LicensingClient:
  Version:                 1.17.4+4293ba1
  Session Id:              41cbfbd33a7249638647efcc79c81ce9
  Correlation Id:          f97d3ac9ec75fcf77c64d40a112ef26a
  External correlation Id: 7520582320368272456
  Machine Id:              ifs8HJZfsmNNycVd4ReIk1xBE9k=
[Licensing::Module] Successfully connected to LicensingClient on channel: "LicenseClient-tgond" (connect: 0.00s, validation: 0.00s, handshake: 2.94s)
[Licensing::IpcConnector] Successfully connected to: "LicenseClient-tgond-notifications" at "2026-06-06T10:09:40.8800531Z"
[Licensing::Module] Licensing Background thread has ended after 2.94s
[Licensing::Module] Licensing is initialized (took 0.28s).
[Licensing::Client] Successfully resolved entitlement details
[Licensing::Module] License group:
  Id: 18966797524462-UnityPersXXXX
  Product: Unity Personal
  Type: Assigned
  Expiration: Unlimited
- Loaded All Assemblies, in  1.547 seconds
Assembly reference Packages/com.unity.cinemachine/Editor/Samples/ExposeHDRPInternals/HDRP-Editor-ref.asmref has no target assembly definition
'Packages/com.unity.cinemachine/Editor/Obsolete/CinemachineVirtualCameraBaseEditor.cs' contains partial class of Unity.Object, exactly 1 of the partial classes needs to be in a file with the same filename. This is to know the one that can be referenced from ie. GameObjects
'Packages/com.unity.cinemachine/Editor/Editors/CinemachineVirtualCameraBaseEditor.cs' contains partial class of Unity.Object, exactly 1 of the partial classes needs to be in a file with the same filename. This is to know the one that can be referenced from ie. GameObjects
Refreshing native plugins compatible for Editor in 1.38 ms, found 4 plugins.
Native extension for WindowsStandalone target not found
Assembly reference Packages/com.unity.cinemachine/Editor/Samples/ExposeHDRPInternals/HDRP-Editor-ref.asmref has no target assembly definition
Package Manager log level set to [2]
[Package Manager] Failed to launch server process. Reason: Unity was launched with the -noUpm command-line argument
[Package Manager] Unable to send message (not connected to server process).
[Package Manager] Cannot connect to Unity Package Manager local server
[Package Manager] Failed to launch server process. Reason: Unity was launched with the -noUpm command-line argument
[Package Manager] Unable to send message (not connected to server process).
[Package Manager] Cannot connect to Unity Package Manager local server
ScheduleIndexationOnStartup MainProcess:False IndexOnStartup:True
Mono: successfully reloaded assembly
- Finished resetting the current domain, in  1.699 seconds
Domain Reload Profiling: 3242ms
	BeginReloadAssembly (553ms)
		ExecutionOrderSort (0ms)
		DisableScriptedObjects (12ms)
		BackupInstance (0ms)
		ReleaseScriptingObjects (0ms)
		CreateAndSetChildDomain (50ms)
	RebuildCommonClasses (44ms)
	RebuildNativeTypeToScriptingClass (21ms)
	initialDomainReloadingComplete (59ms)
	LoadAllAssembliesAndSetupDomain (865ms)
		LoadAssemblies (625ms)
		RebuildTransferFunctionScriptingTraits (0ms)
		AnalyzeDomain (383ms)
			TypeCache.Refresh (262ms)
				TypeCache.ScanAssembly (244ms)
			BuildScriptInfoCaches (95ms)
			ResolveRequiredComponents (20ms)
	FinalizeReload (1699ms)
		ReleaseScriptCaches (0ms)
		RebuildScriptCaches (0ms)
		SetupLoadedEditorAssemblies (1477ms)
			LogAssemblyErrors (0ms)
			InitializePlatformSupportModulesInManaged (3ms)
			SetLoadedEditorAssemblies (10ms)
			BeforeProcessingInitializeOnLoad (373ms)
			ProcessInitializeOnLoadAttributes (864ms)
			ProcessInitializeOnLoadMethodAttributes (219ms)
			AfterProcessingInitializeOnLoad (9ms)
			EditorAssembliesLoaded (1ms)
		ExecutionOrderSort2 (0ms)
		AwakeInstancesAfterBackupRestoration (18ms)
Launched and connected shader compiler UnityShaderCompiler.exe after 0.04 seconds
Refreshing native plugins compatible for Editor in 1.81 ms, found 4 plugins.
Preloading 0 native plugins for Editor in 0.00 ms.
Unloading 17 Unused Serialized files (Serialized files now loaded: 0)
Unloading 7315 unused Assets / (4.6 MB). Loaded Objects now: 8136.
Memory consumption went from 156.5 MB to 151.9 MB.
Total: 17.098300 ms (FindLiveObjects: 1.468300 ms CreateObjectMapping: 1.203500 ms MarkObjects: 10.120300 ms  DeleteObjects: 4.304100 ms)

========================================================================
Received Import Request.
  Time since last request: 533.681282 seconds.
  path: Assets/Scenes/SampleScene.unity
  artifactKey: Guid(8c9cfa26abfee488c85f1582747f6a02) Importer(2089858483,b0f066a214c2f5e87bad3c948f4d605d)
Start importing Assets/Scenes/SampleScene.unity using Guid(8c9cfa26abfee488c85f1582747f6a02) Importer(2089858483,b0f066a214c2f5e87bad3c948f4d605d) (ScriptedImporter) -> (artifact id: 'f79b263d08a27bd0dfc3b71485bb7393') in 0.0992733 seconds
Number of updated asset objects reloaded before import = 0Number of asset objects unloaded after import = 1

========================================================================
Received Import Request.
  Time since last request: 0.000024 seconds.
  path: Assets/Scripts/PlayerMovement.cs
  artifactKey: Guid(861600a4729bb704b9df6f96686677ff) Importer(2089858483,b0f066a214c2f5e87bad3c948f4d605d)
Start importing Assets/Scripts/PlayerMovement.cs using Guid(861600a4729bb704b9df6f96686677ff) Importer(2089858483,b0f066a214c2f5e87bad3c948f4d605d) (ScriptedImporter) -> (artifact id: '3eb1a692f7e7d4ceae8177266e107c94') in 0.0352052 seconds
Number of updated asset objects reloaded before import = 0Number of asset objects unloaded after import = 0

========================================================================
Received Import Request.
  Time since last request: 1972.139780 seconds.
  path: Assets/UI/healthbar/syringe/vertical/syringe-vertical-full-3.png
  artifactKey: Guid(1f942f523a04d2a4b96d086840d87e82) Importer(2089858483,b0f066a214c2f5e87bad3c948f4d605d)
Start importing Assets/UI/healthbar/syringe/vertical/syringe-vertical-full-3.png using Guid(1f942f523a04d2a4b96d086840d87e82) Importer(2089858483,b0f066a214c2f5e87bad3c948f4d605d) (ScriptedImporter) -> (artifact id: 'b9a2e7c0eaa81d10b578f61b4a819b21') in 0.2920933 seconds
Number of updated asset objects reloaded before import = 0Number of asset objects unloaded after import = 3

========================================================================
Received Import Request.
  Time since last request: 0.000048 seconds.
  path: Assets/UI/healthbar/pulse/vertical/no-heart-pulse-vertical-empty.png
  artifactKey: Guid(9ba5db136a38ded4ea972bbccedaa9ba) Importer(2089858483,b0f066a214c2f5e87bad3c948f4d605d)
Start importing Assets/UI/healthbar/pulse/vertical/no-heart-pulse-vertical-empty.png using Guid(9ba5db136a38ded4ea972bbccedaa9ba) Importer(2089858483,b0f066a214c2f5e87bad3c948f4d605d) (ScriptedImporter) -> (artifact id: 'f92603a1a251ef5313f72cfc31625259') in 0.0543904 seconds
Number of updated asset objects reloaded before import = 0Number of asset objects unloaded after import = 3

========================================================================
Received Import Request.
  Time since last request: 0.000061 seconds.
  path: Assets/UI/healthbar/syringe/horizontal
  artifactKey: Guid(dadb64bc981f28446bf67c0726680d8e) Importer(2089858483,b0f066a214c2f5e87bad3c948f4d605d)
Start importing Assets/UI/healthbar/syringe/horizontal using Guid(dadb64bc981f28446bf67c0726680d8e) Importer(2089858483,b0f066a214c2f5e87bad3c948f4d605d) (ScriptedImporter) -> (artifact id: '518813c11f82b917e91e21a3405a1af4') in 0.0112142 seconds
Number of updated asset objects reloaded before import = 0Number of asset objects unloaded after import = 1

========================================================================
Received Import Request.
  Time since last request: 0.000056 seconds.
  path: Assets/UI/healthbar/syringe/vertical/no-heart-syringe-vertical-empty-3.png
  artifactKey: Guid(fe2b66950613f194aacb4fc765316fed) Importer(2089858483,b0f066a214c2f5e87bad3c948f4d605d)
Start importing Assets/UI/healthbar/syringe/vertical/no-heart-syringe-vertical-empty-3.png using Guid(fe2b66950613f194aacb4fc765316fed) Importer(2089858483,b0f066a214c2f5e87bad3c948f4d605d) (ScriptedImporter) -> (artifact id: '79fd25784d9a2aa7895d036e88d5ca8d') in 0.0626894 seconds
Number of updated asset objects reloaded before import = 0Number of asset objects unloaded after import = 3

========================================================================
Received Import Request.
  Time since last request: 0.000046 seconds.
  path: Assets/UI/healthbar/standard/horizontal/standard-full-3.png
  artifactKey: Guid(7d363998def8fd849a9b5b3f4afefae4) Importer(2089858483,b0f066a214c2f5e87bad3c948f4d605d)
Start importing Assets/UI/healthbar/standard/horizontal/standard-full-3.png using Guid(7d363998def8fd849a9b5b3f4afefae4) Importer(2089858483,b0f066a214c2f5e87bad3c948f4d605d) (ScriptedImporter) -> (artifact id: 'fd337997b8d042e5f8914ee216749b73') in 0.0506847 seconds
Number of updated asset objects reloaded before import = 0Number of asset objects unloaded after import = 3

========================================================================
Received Import Request.
  Time since last request: 0.000048 seconds.
  path: Assets/UI/healthbar/syringe/vertical/no-heart-syringe-vertical-full-3.png
  artifactKey: Guid(dad4ee096e5b56d4791275f81d1fbcdb) Importer(2089858483,b0f066a214c2f5e87bad3c948f4d605d)
Start importing Assets/UI/healthbar/syringe/vertical/no-heart-syringe-vertical-full-3.png using Guid(dad4ee096e5b56d4791275f81d1fbcdb) Importer(2089858483,b0f066a214c2f5e87bad3c948f4d605d) (ScriptedImporter) -> (artifact id: '80ac357326c1fda0c43a6bdbf68649f4') in 0.0478795 seconds
Number of updated asset objects reloaded before import = 0Number of asset objects unloaded after import = 3

========================================================================
Received Import Request.
  Time since last request: 0.000051 seconds.
  path: Assets/UI/healthbar/pulse/vertical/pulse-full-1.png
  artifactKey: Guid(32987e9cafa9e1f44a785b625a0bb75d) Importer(2089858483,b0f066a214c2f5e87bad3c948f4d605d)
Start importing Assets/UI/healthbar/pulse/vertical/pulse-full-1.png using Guid(32987e9cafa9e1f44a785b625a0bb75d) Importer(2089858483,b0f066a214c2f5e87bad3c948f4d605d) (ScriptedImporter) -> (artifact id: 'dedbab69fa896c602144c4aa32577de1') in 0.046484 seconds
Number of updated asset objects reloaded before import = 0Number of asset objects unloaded after import = 3

========================================================================
Received Import Request.
  Time since last request: 0.000037 seconds.
  path: Assets/UI/healthbar/pulse/vertical/pulse-vertical-2.png
  artifactKey: Guid(2774941bf542ffe4586fa5ba9499e309) Importer(2089858483,b0f066a214c2f5e87bad3c948f4d605d)
Start importing Assets/UI/healthbar/pulse/vertical/pulse-vertical-2.png using Guid(2774941bf542ffe4586fa5ba9499e309) Importer(2089858483,b0f066a214c2f5e87bad3c948f4d605d) (ScriptedImporter) -> (artifact id: 'b320fdc25bfc54be05ad732be4b976b4') in 0.0490729 seconds
Number of updated asset objects reloaded before import = 0Number of asset objects unloaded after import = 3

========================================================================
Received Import Request.
  Time since last request: 0.000099 seconds.
  path: Assets/UI/healthbar/standard/horizontal/standard-full-2.png
  artifactKey: Guid(278c5675ebbfa7b44be36a57a3e04d64) Importer(2089858483,b0f066a214c2f5e87bad3c948f4d605d)
Start importing Assets/UI/healthbar/standard/horizontal/standard-full-2.png using Guid(278c5675ebbfa7b44be36a57a3e04d64) Importer(2089858483,b0f066a214c2f5e87bad3c948f4d605d) (ScriptedImporter) -> (artifact id: '3480aef3eee3eca6546ecec4d79c474e') in 0.0520909 seconds
Number of updated asset objects reloaded before import = 0Number of asset objects unloaded after import = 3

========================================================================
Received Import Request.
  Time since last request: 0.000031 seconds.
  path: Assets/UI/healthbar/syringe/vertical
  artifactKey: Guid(5a86a3128c55bee44bb6b765c66b8a31) Importer(2089858483,b0f066a214c2f5e87bad3c948f4d605d)
Start importing Assets/UI/healthbar/syringe/vertical using Guid(5a86a3128c55bee44bb6b765c66b8a31) Importer(2089858483,b0f066a214c2f5e87bad3c948f4d605d) (ScriptedImporter) -> (artifact id: 'e882d5242398505f3bacbd64f135825b') in 0.009082 seconds
Number of updated asset objects reloaded before import = 0Number of asset objects unloaded after import = 1

========================================================================
Received Import Request.
  Time since last request: 0.000046 seconds.
  path: Assets/UI/healthbar/standard/horizontal/standard-full-1.png
  artifactKey: Guid(ef69bdd4a36fa8146a15bdda5f8639c2) Importer(2089858483,b0f066a214c2f5e87bad3c948f4d605d)
Start importing Assets/UI/healthbar/standard/horizontal/standard-full-1.png using Guid(ef69bdd4a36fa8146a15bdda5f8639c2) Importer(2089858483,b0f066a214c2f5e87bad3c948f4d605d) (ScriptedImporter) -> (artifact id: '150fbb7ec83366a583648dc15ac1f13e') in 0.0516164 seconds
Number of updated asset objects reloaded before import = 0Number of asset objects unloaded after import = 3

========================================================================
Received Import Request.
  Time since last request: 0.000134 seconds.
  path: Assets/UI/healthbar/syringe/horizontal/no-heart-syringe-full-1.png
  artifactKey: Guid(ac1307d7a933a954e9baf21359d3f38c) Importer(2089858483,b0f066a214c2f5e87bad3c948f4d605d)
Start importing Assets/UI/healthbar/syringe/horizontal/no-heart-syringe-full-1.png using Guid(ac1307d7a933a954e9baf21359d3f38c) Importer(2089858483,b0f066a214c2f5e87bad3c948f4d605d) (ScriptedImporter) -> (artifact id: '13c51f5c28669069154361c0dd2fe557') in 0.058143 seconds
Number of updated asset objects reloaded before import = 0Number of asset objects unloaded after import = 3

========================================================================
Received Import Request.
  Time since last request: 0.000040 seconds.
  path: Assets/UI/healthbar/pulse/horizontal/pulse-empty-1.png
  artifactKey: Guid(f263844a407f136429546a1c542c684a) Importer(2089858483,b0f066a214c2f5e87bad3c948f4d605d)
Start importing Assets/UI/healthbar/pulse/horizontal/pulse-empty-1.png using Guid(f263844a407f136429546a1c542c684a) Importer(2089858483,b0f066a214c2f5e87bad3c948f4d605d) (ScriptedImporter) -> (artifact id: '75d89f0e7c7bf06387823616cf6ba991') in 0.0454177 seconds
Number of updated asset objects reloaded before import = 0Number of asset objects unloaded after import = 3

========================================================================
Received Import Request.
  Time since last request: 0.000039 seconds.
  path: Assets/UI/healthbar/standard/vertical/no-heart-standard-vertical-full-3.png
  artifactKey: Guid(cdbd2ed241b5758438aadcc2732493d3) Importer(2089858483,b0f066a214c2f5e87bad3c948f4d605d)
Start importing Assets/UI/healthbar/standard/vertical/no-heart-standard-vertical-full-3.png using Guid(cdbd2ed241b5758438aadcc2732493d3) Importer(2089858483,b0f066a214c2f5e87bad3c948f4d605d) (ScriptedImporter) -> (artifact id: '8627c2b9ebd910c3bfec1432814fcde9') in 0.0506277 seconds
Number of updated asset objects reloaded before import = 0Number of asset objects unloaded after import = 3

========================================================================
Received Import Request.
  Time since last request: 0.000064 seconds.
  path: Assets/UI/healthbar/standard/vertical/standard-empty-1.png
  artifactKey: Guid(5949bff28e11efd45940b3abb9748e54) Importer(2089858483,b0f066a214c2f5e87bad3c948f4d605d)
Start importing Assets/UI/healthbar/standard/vertical/standard-empty-1.png using Guid(5949bff28e11efd45940b3abb9748e54) Importer(2089858483,b0f066a214c2f5e87bad3c948f4d605d) (ScriptedImporter) -> (artifact id: '8e4f9ba554872c6824f7f78c75e62b6c') in 0.052981 seconds
Number of updated asset objects reloaded before import = 0Number of asset objects unloaded after import = 3

========================================================================
Received Import Request.
  Time since last request: 0.000029 seconds.
  path: Assets/UI/healthbar/pulse/vertical/pulse-empty-2.png
  artifactKey: Guid(421958c358225e4499c14030001e9409) Importer(2089858483,b0f066a214c2f5e87bad3c948f4d605d)
Start importing Assets/UI/healthbar/pulse/vertical/pulse-empty-2.png using Guid(421958c358225e4499c14030001e9409) Importer(2089858483,b0f066a214c2f5e87bad3c948f4d605d) (ScriptedImporter) -> (artifact id: 'a15a88b939837e427215c9d3383f87ad') in 0.0538502 seconds
Number of updated asset objects reloaded before import = 0Number of asset objects unloaded after import = 3

========================================================================
Received Import Request.
  Time since last request: 0.000054 seconds.
  path: Assets/UI/healthbar/standard/vertical/standard-vertical-full-2.png
  artifactKey: Guid(e6cc4f583c91ada4eb03776396cd8fef) Importer(2089858483,b0f066a214c2f5e87bad3c948f4d605d)
Start importing Assets/UI/healthbar/standard/vertical/standard-vertical-full-2.png using Guid(e6cc4f583c91ada4eb03776396cd8fef) Importer(2089858483,b0f066a214c2f5e87bad3c948f4d605d) (ScriptedImporter) -> (artifact id: '219a07c64f1dd6ff3f84da0c1ee38349') in 0.0577924 seconds
Number of updated asset objects reloaded before import = 0Number of asset objects unloaded after import = 3

========================================================================
Received Import Request.
  Time since last request: 0.000061 seconds.
  path: Assets/UI/healthbar/standard
  artifactKey: Guid(01f5e70a89c9fde45a39ae2d3c2f69de) Importer(2089858483,b0f066a214c2f5e87bad3c948f4d605d)
Start importing Assets/UI/healthbar/standard using Guid(01f5e70a89c9fde45a39ae2d3c2f69de) Importer(2089858483,b0f066a214c2f5e87bad3c948f4d605d) (ScriptedImporter) -> (artifact id: '33692cd50e888038d920bee56c1eaa32') in 0.0102859 seconds
Number of updated asset objects reloaded before import = 0Number of asset objects unloaded after import = 1

========================================================================
Received Import Request.
  Time since last request: 0.000036 seconds.
  path: Assets/UI/healthbar/pulse/vertical
  artifactKey: Guid(72364d1acb8692449b9dbf75ad831821) Importer(2089858483,b0f066a214c2f5e87bad3c948f4d605d)
Start importing Assets/UI/healthbar/pulse/vertical using Guid(72364d1acb8692449b9dbf75ad831821) Importer(2089858483,b0f066a214c2f5e87bad3c948f4d605d) (ScriptedImporter) -> (artifact id: 'fc57058b10f6f3a1a1ca0f3529eedb3e') in 0.0135106 seconds
Number of updated asset objects reloaded before import = 0Number of asset objects unloaded after import = 1

========================================================================
Received Import Request.
  Time since last request: 0.000049 seconds.
  path: Assets/UI/healthbar/standard/horizontal/standard-empty-1.png
  artifactKey: Guid(0739c3c7d9c61a943bb21c50d5e0b78d) Importer(2089858483,b0f066a214c2f5e87bad3c948f4d605d)
Start importing Assets/UI/healthbar/standard/horizontal/standard-empty-1.png using Guid(0739c3c7d9c61a943bb21c50d5e0b78d) Importer(2089858483,b0f066a214c2f5e87bad3c948f4d605d) (ScriptedImporter) -> (artifact id: 'a02eacab434751df8396b81afd6399e3') in 0.0505899 seconds
Number of updated asset objects reloaded before import = 0Number of asset objects unloaded after import = 3

========================================================================
Received Import Request.
  Time since last request: 0.000055 seconds.
  path: Assets/UI/healthbar/pulse/vertical/no-heart-pulse-vertical-full-3.png
  artifactKey: Guid(1bf7565b0b561d84f9d36bd9797259bb) Importer(2089858483,b0f066a214c2f5e87bad3c948f4d605d)
Start importing Assets/UI/healthbar/pulse/vertical/no-heart-pulse-vertical-full-3.png using Guid(1bf7565b0b561d84f9d36bd9797259bb) Importer(2089858483,b0f066a214c2f5e87bad3c948f4d605d) (ScriptedImporter) -> (artifact id: '76d3687aba2a630a53ef47b1c7e3cf00') in 0.0482107 seconds
Number of updated asset objects reloaded before import = 0Number of asset objects unloaded after import = 3

========================================================================
Received Import Request.
  Time since last request: 0.000074 seconds.
  path: Assets/UI/healthbar/standard/vertical/standard-vertical-3.png
  artifactKey: Guid(5919a2e10769226498f5960800cdbfe2) Importer(2089858483,b0f066a214c2f5e87bad3c948f4d605d)
Start importing Assets/UI/healthbar/standard/vertical/standard-vertical-3.png using Guid(5919a2e10769226498f5960800cdbfe2) Importer(2089858483,b0f066a214c2f5e87bad3c948f4d605d) (ScriptedImporter) -> (artifact id: '6fc6a4b3afacb79aa1b137169b3282bd') in 0.1440614 seconds
Number of updated asset objects reloaded before import = 0Number of asset objects unloaded after import = 3

========================================================================
Received Import Request.
  Time since last request: 0.000048 seconds.
  path: Assets/UI/healthbar
  artifactKey: Guid(8aaedd74df8b41443bbb53df4994189a) Importer(2089858483,b0f066a214c2f5e87bad3c948f4d605d)
Start importing Assets/UI/healthbar using Guid(8aaedd74df8b41443bbb53df4994189a) Importer(2089858483,b0f066a214c2f5e87bad3c948f4d605d) (ScriptedImporter) -> (artifact id: '4f747920db07982723904d5802117520') in 0.0141616 seconds
Number of updated asset objects reloaded before import = 0Number of asset objects unloaded after import = 1

========================================================================
Received Import Request.
  Time since last request: 0.000062 seconds.
  path: Assets/UI/healthbar/syringe/horizontal/syringe-full-1.png
  artifactKey: Guid(777bf64670c76f54fbfca930a66523e1) Importer(2089858483,b0f066a214c2f5e87bad3c948f4d605d)
Start importing Assets/UI/healthbar/syringe/horizontal/syringe-full-1.png using Guid(777bf64670c76f54fbfca930a66523e1) Importer(2089858483,b0f066a214c2f5e87bad3c948f4d605d) (ScriptedImporter) -> (artifact id: '48884fd0005e2ae5ceb818e2ad7e3888') in 0.062464 seconds
Number of updated asset objects reloaded before import = 0Number of asset objects unloaded after import = 3

========================================================================
Received Import Request.
  Time since last request: 0.000037 seconds.
  path: Assets/UI/healthbar/pulse/horizontal
  artifactKey: Guid(986cde614b4a1fa428d88613064fdf39) Importer(2089858483,b0f066a214c2f5e87bad3c948f4d605d)
Start importing Assets/UI/healthbar/pulse/horizontal using Guid(986cde614b4a1fa428d88613064fdf39) Importer(2089858483,b0f066a214c2f5e87bad3c948f4d605d) (ScriptedImporter) -> (artifact id: '5a0f59a48021aa6733faef49ebe3cbc6') in 0.009485 seconds
Number of updated asset objects reloaded before import = 0Number of asset objects unloaded after import = 1

========================================================================
Received Import Request.
  Time since last request: 0.000054 seconds.
  path: Assets/UI/healthbar/pulse/vertical/no-heart-pulse-vertical-full.png
  artifactKey: Guid(e10805bfd91da7c4f8cdb7323259bdfc) Importer(2089858483,b0f066a214c2f5e87bad3c948f4d605d)
Start importing Assets/UI/healthbar/pulse/vertical/no-heart-pulse-vertical-full.png using Guid(e10805bfd91da7c4f8cdb7323259bdfc) Importer(2089858483,b0f066a214c2f5e87bad3c948f4d605d) (ScriptedImporter) -> (artifact id: '55221a39e7e23eee31faa32e1933d926') in 0.051564 seconds
Number of updated asset objects reloaded before import = 0Number of asset objects unloaded after import = 3

========================================================================
Received Import Request.
  Time since last request: 0.000057 seconds.
  path: Assets/UI/healthbar/pulse/vertical/pulse-empty-3.png
  artifactKey: Guid(09152688115ae884bb48c4391efe6ebb) Importer(2089858483,b0f066a214c2f5e87bad3c948f4d605d)
Start importing Assets/UI/healthbar/pulse/vertical/pulse-empty-3.png using Guid(09152688115ae884bb48c4391efe6ebb) Importer(2089858483,b0f066a214c2f5e87bad3c948f4d605d) (ScriptedImporter) -> (artifact id: '66aa348900b7a60a42bdd4bddc9dc7b6') in 0.0503025 seconds
Number of updated asset objects reloaded before import = 0Number of asset objects unloaded after import = 3

========================================================================
Received Import Request.
  Time since last request: 0.000057 seconds.
  path: Assets/UI/healthbar/syringe/vertical/syringe-vertical-empty-3.png
  artifactKey: Guid(6ef776ca5771e144daae3828fe57134f) Importer(2089858483,b0f066a214c2f5e87bad3c948f4d605d)
Start importing Assets/UI/healthbar/syringe/vertical/syringe-vertical-empty-3.png using Guid(6ef776ca5771e144daae3828fe57134f) Importer(2089858483,b0f066a214c2f5e87bad3c948f4d605d) (ScriptedImporter) -> (artifact id: '2b2ad3a2faad8a9b6c6f6f33cba90937') in 0.0524801 seconds
Number of updated asset objects reloaded before import = 0Number of asset objects unloaded after import = 3

========================================================================
Received Import Request.
  Time since last request: 0.000043 seconds.
  path: Assets/UI/healthbar/standard/vertical/standard-vertical-2.png
  artifactKey: Guid(e970e5719174d5b439aea77632a940d9) Importer(2089858483,b0f066a214c2f5e87bad3c948f4d605d)
Start importing Assets/UI/healthbar/standard/vertical/standard-vertical-2.png using Guid(e970e5719174d5b439aea77632a940d9) Importer(2089858483,b0f066a214c2f5e87bad3c948f4d605d) (ScriptedImporter) -> (artifact id: 'fb5e899fdad0fa75970fe271c693829e') in 0.0626446 seconds
Number of updated asset objects reloaded before import = 0Number of asset objects unloaded after import = 3

========================================================================
Received Import Request.
  Time since last request: 0.000053 seconds.
  path: Assets/UI/healthbar/syringe/horizontal/no-heart-syringe-full-2.png
  artifactKey: Guid(af03857d1f577ae4fababcc6d3b3cb83) Importer(2089858483,b0f066a214c2f5e87bad3c948f4d605d)
Start importing Assets/UI/healthbar/syringe/horizontal/no-heart-syringe-full-2.png using Guid(af03857d1f577ae4fababcc6d3b3cb83) Importer(2089858483,b0f066a214c2f5e87bad3c948f4d605d) (ScriptedImporter) -> (artifact id: '6243b1b624abd7a7505456b857e47e99') in 0.0599822 seconds
Number of updated asset objects reloaded before import = 0Number of asset objects unloaded after import = 3

========================================================================
Received Import Request.
  Time since last request: 0.000040 seconds.
  path: Assets/UI/healthbar/standard/horizontal/no-heart-standard-empty-1.png
  artifactKey: Guid(4b42acf2ec01c4a4bbdc6fbcc07392b6) Importer(2089858483,b0f066a214c2f5e87bad3c948f4d605d)
Start importing Assets/UI/healthbar/standard/horizontal/no-heart-standard-empty-1.png using Guid(4b42acf2ec01c4a4bbdc6fbcc07392b6) Importer(2089858483,b0f066a214c2f5e87bad3c948f4d605d) (ScriptedImporter) -> (artifact id: '39b2cc6e5a1142046c76126b0df64f28') in 0.0568988 seconds
Number of updated asset objects reloaded before import = 0Number of asset objects unloaded after import = 3

========================================================================
Received Import Request.
  Time since last request: 0.000046 seconds.
  path: Assets/UI/healthbar/standard/vertical
  artifactKey: Guid(3949cf5e443bce744b6b42269f775485) Importer(2089858483,b0f066a214c2f5e87bad3c948f4d605d)
Start importing Assets/UI/healthbar/standard/vertical using Guid(3949cf5e443bce744b6b42269f775485) Importer(2089858483,b0f066a214c2f5e87bad3c948f4d605d) (ScriptedImporter) -> (artifact id: 'dbd55e9de22a136ae2a4e506e759e01d') in 0.0109609 seconds
Number of updated asset objects reloaded before import = 0Number of asset objects unloaded after import = 1

========================================================================
Received Import Request.
  Time since last request: 0.000067 seconds.
  path: Assets/UI/healthbar/pulse/horizontal/no-heart-pulse-empty-1.png
  artifactKey: Guid(9635e0e1d8193464bb5f6e2de7f7bee0) Importer(2089858483,b0f066a214c2f5e87bad3c948f4d605d)
Start importing Assets/UI/healthbar/pulse/horizontal/no-heart-pulse-empty-1.png using Guid(9635e0e1d8193464bb5f6e2de7f7bee0) Importer(2089858483,b0f066a214c2f5e87bad3c948f4d605d) (ScriptedImporter) -> (artifact id: '1ac89f767dca31af57ba5aaab6e667d3') in 0.0647336 seconds
Number of updated asset objects reloaded before import = 0Number of asset objects unloaded after import = 3

========================================================================
Received Import Request.
  Time since last request: 0.000046 seconds.
  path: Assets/UI/healthbar/syringe/horizontal/syringe-empty-1.png
  artifactKey: Guid(98c69f444f7ed8140ab95a0d966d026f) Importer(2089858483,b0f066a214c2f5e87bad3c948f4d605d)
Start importing Assets/UI/healthbar/syringe/horizontal/syringe-empty-1.png using Guid(98c69f444f7ed8140ab95a0d966d026f) Importer(2089858483,b0f066a214c2f5e87bad3c948f4d605d) (ScriptedImporter) -> (artifact id: '9aeb671604741b8a08f4d8cda651bbab') in 0.0652655 seconds
Number of updated asset objects reloaded before import = 0Number of asset objects unloaded after import = 3

========================================================================
Received Import Request.
  Time since last request: 0.000120 seconds.
  path: Assets/UI/healthbar/pulse/vertical/pulse-full-2.png
  artifactKey: Guid(9d9d6872de8b60a4c927cc2cbca5b85f) Importer(2089858483,b0f066a214c2f5e87bad3c948f4d605d)
Start importing Assets/UI/healthbar/pulse/vertical/pulse-full-2.png using Guid(9d9d6872de8b60a4c927cc2cbca5b85f) Importer(2089858483,b0f066a214c2f5e87bad3c948f4d605d) (ScriptedImporter) -> (artifact id: 'fba0da08184f9432f93e95805d7c3f4a') in 0.0592201 seconds
Number of updated asset objects reloaded before import = 0Number of asset objects unloaded after import = 3

========================================================================
Received Import Request.
  Time since last request: 0.000041 seconds.
  path: Assets/UI/healthbar/syringe
  artifactKey: Guid(5d1351b62256a374aa8642b9a25403fa) Importer(2089858483,b0f066a214c2f5e87bad3c948f4d605d)
Start importing Assets/UI/healthbar/syringe using Guid(5d1351b62256a374aa8642b9a25403fa) Importer(2089858483,b0f066a214c2f5e87bad3c948f4d605d) (ScriptedImporter) -> (artifact id: 'b1c5fdfb9e2bcc76a42552eb1c82a0f3') in 0.0116213 seconds
Number of updated asset objects reloaded before import = 0Number of asset objects unloaded after import = 1

========================================================================
Received Import Request.
  Time since last request: 0.000050 seconds.
  path: Assets/UI/healthbar/pulse/vertical/no-heart-pulse-vertical-empty-2.png
  artifactKey: Guid(5e40d2a1fd4f91e4fb11e07a2bc3f3c8) Importer(2089858483,b0f066a214c2f5e87bad3c948f4d605d)
Start importing Assets/UI/healthbar/pulse/vertical/no-heart-pulse-vertical-empty-2.png using Guid(5e40d2a1fd4f91e4fb11e07a2bc3f3c8) Importer(2089858483,b0f066a214c2f5e87bad3c948f4d605d) (ScriptedImporter) -> (artifact id: 'bca1fdcedc93e20d2f5dc591d3d1af72') in 0.0758264 seconds
Number of updated asset objects reloaded before import = 0Number of asset objects unloaded after import = 3

========================================================================
Received Import Request.
  Time since last request: 0.000075 seconds.
  path: Assets/UI/healthbar/standard/vertical/standard-vertical-empty-2.png
  artifactKey: Guid(a14482beec3d3724abc1b3438146be54) Importer(2089858483,b0f066a214c2f5e87bad3c948f4d605d)
Start importing Assets/UI/healthbar/standard/vertical/standard-vertical-empty-2.png using Guid(a14482beec3d3724abc1b3438146be54) Importer(2089858483,b0f066a214c2f5e87bad3c948f4d605d) (ScriptedImporter) -> (artifact id: '0eac2bdbf343bc9487b9fee8b5635992') in 0.0503621 seconds
Number of updated asset objects reloaded before import = 0Number of asset objects unloaded after import = 3

========================================================================
Received Import Request.
  Time since last request: 0.000099 seconds.
  path: Assets/UI/healthbar/pulse/horizontal/pulse-empty-2.png
  artifactKey: Guid(bb18f906681872b448b463d80cc26675) Importer(2089858483,b0f066a214c2f5e87bad3c948f4d605d)
Start importing Assets/UI/healthbar/pulse/horizontal/pulse-empty-2.png using Guid(bb18f906681872b448b463d80cc26675) Importer(2089858483,b0f066a214c2f5e87bad3c948f4d605d) (ScriptedImporter) -> (artifact id: '69be07eee81cf0008b9ff5bc405cb692') in 0.0549424 seconds
Number of updated asset objects reloaded before import = 0Number of asset objects unloaded after import = 3

========================================================================
Received Import Request.
  Time since last request: 0.000058 seconds.
  path: Assets/UI/healthbar/syringe/horizontal/no-heart-syringe-empty-1.png
  artifactKey: Guid(54758de512312d9428c6c5bec8ba58ab) Importer(2089858483,b0f066a214c2f5e87bad3c948f4d605d)
Start importing Assets/UI/healthbar/syringe/horizontal/no-heart-syringe-empty-1.png using Guid(54758de512312d9428c6c5bec8ba58ab) Importer(2089858483,b0f066a214c2f5e87bad3c948f4d605d) (ScriptedImporter) -> (artifact id: 'e7fd47cc06f5ea30404b8e377a1116a0') in 0.0559599 seconds
Number of updated asset objects reloaded before import = 0Number of asset objects unloaded after import = 3

========================================================================
Received Import Request.
  Time since last request: 0.000064 seconds.
  path: Assets/UI/healthbar/syringe/horizontal/no-heart-syringe-full-3.png
  artifactKey: Guid(a5cfee790d8695c44b64e08a06b1d151) Importer(2089858483,b0f066a214c2f5e87bad3c948f4d605d)
Start importing Assets/UI/healthbar/syringe/horizontal/no-heart-syringe-full-3.png using Guid(a5cfee790d8695c44b64e08a06b1d151) Importer(2089858483,b0f066a214c2f5e87bad3c948f4d605d) (ScriptedImporter) -> (artifact id: '09c17ff82a0ceb4db03ddb9b659de972') in 0.0547451 seconds
Number of updated asset objects reloaded before import = 0Number of asset objects unloaded after import = 3

========================================================================
Received Import Request.
  Time since last request: 0.000041 seconds.
  path: Assets/UI/healthbar/pulse/vertical/no-heart-pulse-vertical-empty-3.png
  artifactKey: Guid(1135bea322cc88343aa27ffb4e486c06) Importer(2089858483,b0f066a214c2f5e87bad3c948f4d605d)
Start importing Assets/UI/healthbar/pulse/vertical/no-heart-pulse-vertical-empty-3.png using Guid(1135bea322cc88343aa27ffb4e486c06) Importer(2089858483,b0f066a214c2f5e87bad3c948f4d605d) (ScriptedImporter) -> (artifact id: '0917bbe345b2cf5cb0f4116114ab44ab') in 0.0810024 seconds
Number of updated asset objects reloaded before import = 0Number of asset objects unloaded after import = 3

========================================================================
Received Import Request.
  Time since last request: 0.000046 seconds.
  path: Assets/UI/healthbar/standard/vertical/no-heart-standard-vertical-full-1.png
  artifactKey: Guid(85aca0c8eac7a0042a0fcee742fa7cd9) Importer(2089858483,b0f066a214c2f5e87bad3c948f4d605d)
Start importing Assets/UI/healthbar/standard/vertical/no-heart-standard-vertical-full-1.png using Guid(85aca0c8eac7a0042a0fcee742fa7cd9) Importer(2089858483,b0f066a214c2f5e87bad3c948f4d605d) (ScriptedImporter) -> (artifact id: 'dedb132703d908c07ee947a7c8ba9875') in 0.0718366 seconds
Number of updated asset objects reloaded before import = 0Number of asset objects unloaded after import = 3

========================================================================
Received Import Request.
  Time since last request: 0.000108 seconds.
  path: Assets/UI/healthbar/standard/horizontal/no-heart-standard-full-3.png
  artifactKey: Guid(1debf1fa6a6daed438b3060325939fbf) Importer(2089858483,b0f066a214c2f5e87bad3c948f4d605d)
Start importing Assets/UI/healthbar/standard/horizontal/no-heart-standard-full-3.png using Guid(1debf1fa6a6daed438b3060325939fbf) Importer(2089858483,b0f066a214c2f5e87bad3c948f4d605d) (ScriptedImporter) -> (artifact id: 'f1a644b51480541f490fa8e8e1367b06') in 0.0485214 seconds
Number of updated asset objects reloaded before import = 0Number of asset objects unloaded after import = 3

========================================================================
Received Import Request.
  Time since last request: 0.000034 seconds.
  path: Assets/UI/healthbar/standard/horizontal/standard-2.png
  artifactKey: Guid(f6b8aca9e303cb741a921812917ee8dc) Importer(2089858483,b0f066a214c2f5e87bad3c948f4d605d)
Start importing Assets/UI/healthbar/standard/horizontal/standard-2.png using Guid(f6b8aca9e303cb741a921812917ee8dc) Importer(2089858483,b0f066a214c2f5e87bad3c948f4d605d) (ScriptedImporter) -> (artifact id: '87ed15734a44f27bc87d33d622523da5') in 0.0544308 seconds
Number of updated asset objects reloaded before import = 0Number of asset objects unloaded after import = 3

========================================================================
Received Import Request.
  Time since last request: 0.000042 seconds.
  path: Assets/UI/healthbar/pulse
  artifactKey: Guid(e87d8c863e158b24880800c56e6aeed7) Importer(2089858483,b0f066a214c2f5e87bad3c948f4d605d)
Start importing Assets/UI/healthbar/pulse using Guid(e87d8c863e158b24880800c56e6aeed7) Importer(2089858483,b0f066a214c2f5e87bad3c948f4d605d) (ScriptedImporter) -> (artifact id: '733df021588a143a084976adae766970') in 0.0150151 seconds
Number of updated asset objects reloaded before import = 0Number of asset objects unloaded after import = 1

========================================================================
Received Import Request.
  Time since last request: 0.000073 seconds.
  path: Assets/UI/healthbar/standard/vertical/no-heart-standard-vertical-empty-1.png
  artifactKey: Guid(4a3471980fa021848a63aaf62e8f525f) Importer(2089858483,b0f066a214c2f5e87bad3c948f4d605d)
Start importing Assets/UI/healthbar/standard/vertical/no-heart-standard-vertical-empty-1.png using Guid(4a3471980fa021848a63aaf62e8f525f) Importer(2089858483,b0f066a214c2f5e87bad3c948f4d605d) (ScriptedImporter) -> (artifact id: '685d27770236cfdcf4487179de12b828') in 0.0768391 seconds
Number of updated asset objects reloaded before import = 0Number of asset objects unloaded after import = 3

========================================================================
Received Import Request.
  Time since last request: 0.000053 seconds.
  path: Assets/UI/healthbar/standard/horizontal/no-heart-standard-full-1.png
  artifactKey: Guid(55c3d35fdb765d048abf94685e92ffbc) Importer(2089858483,b0f066a214c2f5e87bad3c948f4d605d)
Start importing Assets/UI/healthbar/standard/horizontal/no-heart-standard-full-1.png using Guid(55c3d35fdb765d048abf94685e92ffbc) Importer(2089858483,b0f066a214c2f5e87bad3c948f4d605d) (ScriptedImporter) -> (artifact id: '41277ed54a0d4d4cc775c4640421c498') in 0.060643 seconds
Number of updated asset objects reloaded before import = 0Number of asset objects unloaded after import = 3

Editor requested this worker to shutdown with reason: Scaling down because of idle timeout
AssetImportWorker is now disconnected from the server
Process exiting
Exiting without the bug reporter. Application will terminate with return code 0